Archive member included to satisfy reference by file (symbol)

c:/program files (x86)/atmel/studio/7.0/toolchain/avr8/avr8-gnu-toolchain/bin/../lib/gcc/avr/4.9.2/avr5\libgcc.a(_exit.o)
                              C:/Program Files (x86)/Atmel/Studio/7.0/Packs/atmel/ATmega_DFP/1.1.130/gcc/dev/atmega328p/avr5/crtatmega328p.o (exit)
c:/program files (x86)/atmel/studio/7.0/toolchain/avr8/avr8-gnu-toolchain/bin/../lib/gcc/avr/4.9.2/avr5\libgcc.a(_copy_data.o)
                              ATmega328P.o (__do_copy_data)
c:/program files (x86)/atmel/studio/7.0/toolchain/avr8/avr8-gnu-toolchain/bin/../lib/gcc/avr/4.9.2/avr5\libgcc.a(_clear_bss.o)
                              ATmega328P.o (__do_clear_bss)
c:/program files (x86)/atmel/studio/7.0/toolchain/avr8/avr8-gnu-toolchain/bin/../lib/gcc/avr/4.9.2/avr5\libgcc.a(_umulhisi3.o)
                              Essential.o (__umulhisi3)
c:/program files (x86)/atmel/studio/7.0/toolchain/avr8/avr8-gnu-toolchain/bin/../lib/gcc/avr/4.9.2/avr5\libgcc.a(_muluhisi3.o)
                              Essential.o (__muluhisi3)
c:/program files (x86)/atmel/studio/7.0/toolchain/avr8/avr8-gnu-toolchain/bin/../lib/gcc/avr/4.9.2/avr5\libgcc.a(_udivdi3.o)
                              Essential.o (__umoddi3)
c:/program files (x86)/atmel/studio/7.0/toolchain/avr8/avr8-gnu-toolchain/bin/../lib/gcc/avr/4.9.2/avr5\libgcc.a(_udivmod64.o)
                              c:/program files (x86)/atmel/studio/7.0/toolchain/avr8/avr8-gnu-toolchain/bin/../lib/gcc/avr/4.9.2/avr5\libgcc.a(_udivdi3.o) (__udivmod64)
c:/program files (x86)/atmel/studio/7.0/toolchain/avr8/avr8-gnu-toolchain/bin/../lib/gcc/avr/4.9.2/avr5\libgcc.a(_ashldi3.o)
                              NRF24L01.o (__ashldi3)
c:/program files (x86)/atmel/studio/7.0/toolchain/avr8/avr8-gnu-toolchain/bin/../lib/gcc/avr/4.9.2/avr5\libgcc.a(_ashrdi3.o)
                              Essential.o (__lshrdi3)
c:/program files (x86)/atmel/studio/7.0/toolchain/avr8/avr8-gnu-toolchain/bin/../lib/gcc/avr/4.9.2/avr5\libgcc.a(_adddi3_s8.o)
                              ATmega328P.o (__adddi3_s8)
c:/program files (x86)/atmel/studio/7.0/toolchain/avr8/avr8-gnu-toolchain/bin/../lib/gcc/avr/4.9.2/avr5\libgcc.a(_cmpdi2.o)
                              NRF24L01.o (__cmpdi2)
c:/program files (x86)/atmel/studio/7.0/toolchain/avr8/avr8-gnu-toolchain/bin/../lib/gcc/avr/4.9.2/avr5\libgcc.a(_cmpdi2_s8.o)
                              Essential.o (__cmpdi2_s8)

Discarded input sections

 .data          0x00000000        0x0 C:/Program Files (x86)/Atmel/Studio/7.0/Packs/atmel/ATmega_DFP/1.1.130/gcc/dev/atmega328p/avr5/crtatmega328p.o
 .bss           0x00000000        0x0 C:/Program Files (x86)/Atmel/Studio/7.0/Packs/atmel/ATmega_DFP/1.1.130/gcc/dev/atmega328p/avr5/crtatmega328p.o
 .text          0x00000000        0x0 ATmega328P.o
 .data          0x00000000        0x0 ATmega328P.o
 .bss           0x00000000        0x0 ATmega328P.o
 .text._Z12initSPISlavev
                0x00000000       0x16 ATmega328P.o
 .text._Z9enableSPIb
                0x00000000       0x14 ATmega328P.o
 .text._Z18enableSPIInterruptb
                0x00000000       0x14 ATmega328P.o
 .text._Z11Init_PWM_T0h
                0x00000000       0x14 ATmega328P.o
 .text._Z16stop_OC0A_OUTPUTv
                0x00000000        0x8 ATmega328P.o
 .text._Z17start_OC0A_OUTPUTv
                0x00000000        0x8 ATmega328P.o
 .text._Z16stop_OC0B_OUTPUTv
                0x00000000        0x8 ATmega328P.o
 .text._Z17start_OC0B_OUTPUTv
                0x00000000        0x8 ATmega328P.o
 .text._Z11Init_PWM_T1h
                0x00000000       0x14 ATmega328P.o
 .text._Z11Init_PWM_T2h
                0x00000000       0x18 ATmega328P.o
 .text._Z11Init_CTC_T2hh
                0x00000000       0x1a ATmega328P.o
 .text._Z9init_INT0h
                0x00000000       0x16 ATmega328P.o
 .text._Z9init_INT1h
                0x00000000       0x1a ATmega328P.o
 .text._Z11getPinStatehh
                0x00000000       0x46 ATmega328P.o
 .text._Z13USART_Receivev
                0x00000000       0x10 ATmega328P.o
 .text._Z12USART_Enableb
                0x00000000       0x18 ATmega328P.o
 .text._Z5printPKc
                0x00000000       0x1e ATmega328P.o
 .rodata.str1.1
                0x00000000       0x15 ATmega328P.o
 .text._Z18Init_CTC_T2_ExtOschh
                0x00000000       0x94 ATmega328P.o
 .text._Z9enableADCb
                0x00000000       0x1c ATmega328P.o
 .text._Z8ADC_Inithh
                0x00000000        0xa ATmega328P.o
 .text._Z19ADC_ChangeChannelToh
                0x00000000       0x14 ATmega328P.o
 .text._Z8ADC_Readv
                0x00000000       0x1e ATmega328P.o
 .text._Z15ADC_ReadChannelh
                0x00000000       0x2c ATmega328P.o
 .text._Z9ADC_Startv
                0x00000000        0xc ATmega328P.o
 .text._Z10ADC_Finishv
                0x00000000        0xc ATmega328P.o
 .text._Z8I2C_Inithh
                0x00000000       0x12 ATmega328P.o
 .text._Z9enableI2Cb
                0x00000000       0x1c ATmega328P.o
 .text._Z9I2C_Errorh
                0x00000000       0x40 ATmega328P.o
 .text._Z9isI2CGoodv
                0x00000000        0x6 ATmega328P.o
 .text._Z12isI2CPoweredv
                0x00000000        0x6 ATmega328P.o
 .text._Z13powerCycleI2Cv
                0x00000000        0x6 ATmega328P.o
 .text._Z15initI2CCompleteb
                0x00000000        0x6 ATmega328P.o
 .text._Z16isI2CInitializedv
                0x00000000        0x6 ATmega328P.o
 .text._Z8I2C_Readhh
                0x00000000      0x232 ATmega328P.o
 .text._Z9I2C_Writehhh
                0x00000000      0x19a ATmega328P.o
 .text._Z16I2C_WriteCommandhh
                0x00000000       0xf6 ATmega328P.o
 .text._Z7WDT_offv
                0x00000000       0x16 ATmega328P.o
 .text._Z8WDT_Initv
                0x00000000       0x20 ATmega328P.o
 .text._Z20WDT_Prescaler_Changev
                0x00000000       0x1c ATmega328P.o
 .text._Z20setLEDIndicatorCountj
                0x00000000        0xa ATmega328P.o
 .text._Z16stopLEDIndicatorv
                0x00000000       0x1a ATmega328P.o
 .text._Z17startLEDIndicatorv
                0x00000000       0x16 ATmega328P.o
 .text._Z12setCountDownj
                0x00000000        0x2 ATmega328P.o
 .text._Z12getCountDownv
                0x00000000        0xa ATmega328P.o
 .text._Z12powerDownForh
                0x00000000       0x44 ATmega328P.o
 .text._Z7resetInh
                0x00000000       0x28 ATmega328P.o
 .bss.I2C_InitComplete
                0x00000000        0x1 ATmega328P.o
 .bss.I2CPower  0x00000000        0x1 ATmega328P.o
 .data.I2C_OK   0x00000000        0x1 ATmega328P.o
 .bss.I2C_FailCount
                0x00000000        0x2 ATmega328P.o
 .data.CountD   0x00000000        0x2 ATmega328P.o
 .bss.lcount    0x00000000        0x2 ATmega328P.o
 .text          0x00000000        0x0 Essential.o
 .data          0x00000000        0x0 Essential.o
 .bss           0x00000000        0x0 Essential.o
 .text._Z9charToHexPc
                0x00000000       0x26 Essential.o
 .text._Z17printSignedNumberi
                0x00000000       0x48 Essential.o
 .text._Z12printNumberAy
                0x00000000      0x138 Essential.o
 .text._Z20printNumberWithPointyh
                0x00000000      0x148 Essential.o
 .text._Z12hexToDecimalj
                0x00000000       0xc6 Essential.o
 .text._Z13printStringNLPc
                0x00000000       0x24 Essential.o
 .text._Z9printCharh
                0x00000000        0x6 Essential.o
 .bss.FlowCheckFlag
                0x00000000        0x1 Essential.o
 .text          0x00000000        0x0 NRF24L01.o
 .data          0x00000000        0x0 NRF24L01.o
 .bss           0x00000000        0x0 NRF24L01.o
 .text._ZN8NRF24L0111writeToFIFOEPVh
                0x00000000       0x44 NRF24L01.o
 .text._ZN8NRF24L0112readFIFObyteEv
                0x00000000       0x10 NRF24L01.o
 .text._ZN8NRF24L0113writeFIFObyteEh
                0x00000000       0x24 NRF24L01.o
 .text._ZN8NRF24L018isRXFullEv
                0x00000000        0xe NRF24L01.o
 .text._ZN8NRF24L019isTXEmptyEv
                0x00000000        0xe NRF24L01.o
 .text._ZN8NRF24L019isRXEmptyEv
                0x00000000        0xe NRF24L01.o
 .text._ZN8NRF24L0111isDataReadyEv
                0x00000000       0x18 NRF24L01.o
 .text._ZN8NRF24L0123setReceivePayloadLengthEhh
                0x00000000       0x30 NRF24L01.o
 .text._ZN8NRF24L0120enableReceiveAddressEhb
                0x00000000       0x74 NRF24L01.o
 .text._ZN8NRF24L0113enableAutoACKEb
                0x00000000       0x52 NRF24L01.o
 .text._ZN8NRF24L0110clearRX_DREv
                0x00000000       0x34 NRF24L01.o
 .text._ZN8NRF24L0114readACKPayloadEPVh
                0x00000000       0x7c NRF24L01.o
 .text._ZN8NRF24L01C2Ehb
                0x00000000        0xc NRF24L01.o
 .text._ZN8NRF24L0115transmitPayloadEPVh
                0x00000000      0x2c8 NRF24L01.o
 .text._ZN8NRF24L0115writeACKPayloadEPVh
                0x00000000       0x86 NRF24L01.o
 .text._ZN8NRF24L017flushRXEv
                0x00000000        0x8 NRF24L01.o
 .text._ZN8NRF24L018readFIFOEPVh
                0x00000000       0x8c NRF24L01.o
 .bss._ZZN8NRF24L0111writeToFIFOEPVhE1i
                0x00000000        0x1 NRF24L01.o
 .progmem.data._ZZN8NRF24L0115transmitPayloadEPVhE3__c_0
                0x00000000       0x37 NRF24L01.o
 .bss._ZZN8NRF24L0115transmitPayloadEPVhE7recount
                0x00000000        0x1 NRF24L01.o
 .bss._ZZN8NRF24L0115transmitPayloadEPVhE12packetInFIFO
                0x00000000        0x1 NRF24L01.o
 .progmem.data._ZZN8NRF24L0115transmitPayloadEPVhE3__c
                0x00000000       0x1d NRF24L01.o
 .bss._ZZN8NRF24L0115transmitPayloadEPVhE7fstatus
                0x00000000        0x1 NRF24L01.o
 .bss._ZZN8NRF24L0115transmitPayloadEPVhE6status
                0x00000000        0x1 NRF24L01.o
 .data._ZZN8NRF24L0115transmitPayloadEPVhE8linklost
                0x00000000        0x1 NRF24L01.o
 .bss._ZZN8NRF24L0115transmitPayloadEPVhE6dcount
                0x00000000        0x2 NRF24L01.o
 .bss._ZZN8NRF24L0115transmitPayloadEPVhE6pcount
                0x00000000        0x2 NRF24L01.o
 .bss._ZZN8NRF24L0115transmitPayloadEPVhE1t
                0x00000000        0x2 NRF24L01.o
 .bss._ZZN8NRF24L0115writeACKPayloadEPVhE1i
                0x00000000        0x1 NRF24L01.o
 .text          0x00000000        0x0 Switch.o
 .data          0x00000000        0x0 Switch.o
 .bss           0x00000000        0x0 Switch.o
 .text._ZN11SwitchClass20callOnPinStateChangeEPFvhE
                0x00000000        0xa Switch.o
 .text._ZN11SwitchClass11getSwitchIDEv
                0x00000000        0x6 Switch.o
 .text._ZN11SwitchClass10shortPressEPFvhE
                0x00000000       0x14 Switch.o
 .text._ZN11SwitchClass9longPressEPFvhE
                0x00000000       0x14 Switch.o
 .text._ZN11SwitchClass19continuousLongPressEPFvhE
                0x00000000       0x14 Switch.o
 .text._ZN11SwitchClass11doublePressEPFvhE
                0x00000000       0x14 Switch.o
 .text._ZN11SwitchClass17detectDoublePressEv
                0x00000000        0x2 Switch.o
 .text._ZN11SwitchClass15pollAllSwitchesEv
                0x00000000        0x2 Switch.o
 .text._ZN11SwitchClass17enableSamePtrModeEb
                0x00000000       0x1e Switch.o
 .text._ZN11SwitchClass15pinStateChangedEv
                0x00000000        0x6 Switch.o
 .bss._ZN11SwitchClass16AllRisingEdge_ENE
                0x00000000        0x1 Switch.o
 .bss._ZN11SwitchClass17AllFallingEdge_ENE
                0x00000000        0x1 Switch.o
 .bss._ZN11SwitchClass12AllDouble_ENE
                0x00000000        0x1 Switch.o
 .bss._ZN11SwitchClass13NotFirstSpawnE
                0x00000000        0x1 Switch.o
 .bss.Switch    0x00000000       0x30 Switch.o
 .text          0x00000000        0x0 Timer.o
 .data          0x00000000        0x0 Timer.o
 .bss           0x00000000        0x0 Timer.o
 .text._ZN10TimerClass6millisEv
                0x00000000       0x22 Timer.o
 .bss.Timer     0x00000000        0xe Timer.o
 .text          0x00000000        0x0 main.o
 .data          0x00000000        0x0 main.o
 .bss           0x00000000        0x0 main.o
 .bss.S6        0x00000000       0x30 main.o
 .bss.S5        0x00000000       0x30 main.o
 .bss.S4        0x00000000       0x30 main.o
 .bss.S3        0x00000000       0x30 main.o
 .bss.S2        0x00000000       0x30 main.o
 .bss.State     0x00000000        0x1 main.o
 .bss.Socket    0x00000000        0x1 main.o
 .bss.SPIdata   0x00000000        0x1 main.o
 .text          0x00000000        0x0 c:/program files (x86)/atmel/studio/7.0/toolchain/avr8/avr8-gnu-toolchain/bin/../lib/gcc/avr/4.9.2/avr5\libgcc.a(_exit.o)
 .data          0x00000000        0x0 c:/program files (x86)/atmel/studio/7.0/toolchain/avr8/avr8-gnu-toolchain/bin/../lib/gcc/avr/4.9.2/avr5\libgcc.a(_exit.o)
 .bss           0x00000000        0x0 c:/program files (x86)/atmel/studio/7.0/toolchain/avr8/avr8-gnu-toolchain/bin/../lib/gcc/avr/4.9.2/avr5\libgcc.a(_exit.o)
 .text.libgcc.mul
                0x00000000        0x0 c:/program files (x86)/atmel/studio/7.0/toolchain/avr8/avr8-gnu-toolchain/bin/../lib/gcc/avr/4.9.2/avr5\libgcc.a(_exit.o)
 .text.libgcc.div
                0x00000000        0x0 c:/program files (x86)/atmel/studio/7.0/toolchain/avr8/avr8-gnu-toolchain/bin/../lib/gcc/avr/4.9.2/avr5\libgcc.a(_exit.o)
 .text.libgcc   0x00000000        0x0 c:/program files (x86)/atmel/studio/7.0/toolchain/avr8/avr8-gnu-toolchain/bin/../lib/gcc/avr/4.9.2/avr5\libgcc.a(_exit.o)
 .text.libgcc.prologue
                0x00000000        0x0 c:/program files (x86)/atmel/studio/7.0/toolchain/avr8/avr8-gnu-toolchain/bin/../lib/gcc/avr/4.9.2/avr5\libgcc.a(_exit.o)
 .text.libgcc.builtins
                0x00000000        0x0 c:/program files (x86)/atmel/studio/7.0/toolchain/avr8/avr8-gnu-toolchain/bin/../lib/gcc/avr/4.9.2/avr5\libgcc.a(_exit.o)
 .text.libgcc.fmul
                0x00000000        0x0 c:/program files (x86)/atmel/studio/7.0/toolchain/avr8/avr8-gnu-toolchain/bin/../lib/gcc/avr/4.9.2/avr5\libgcc.a(_exit.o)
 .text.libgcc.fixed
                0x00000000        0x0 c:/program files (x86)/atmel/studio/7.0/toolchain/avr8/avr8-gnu-toolchain/bin/../lib/gcc/avr/4.9.2/avr5\libgcc.a(_exit.o)
 .text          0x00000000        0x0 c:/program files (x86)/atmel/studio/7.0/toolchain/avr8/avr8-gnu-toolchain/bin/../lib/gcc/avr/4.9.2/avr5\libgcc.a(_copy_data.o)
 .data          0x00000000        0x0 c:/program files (x86)/atmel/studio/7.0/toolchain/avr8/avr8-gnu-toolchain/bin/../lib/gcc/avr/4.9.2/avr5\libgcc.a(_copy_data.o)
 .bss           0x00000000        0x0 c:/program files (x86)/atmel/studio/7.0/toolchain/avr8/avr8-gnu-toolchain/bin/../lib/gcc/avr/4.9.2/avr5\libgcc.a(_copy_data.o)
 .text.libgcc.mul
                0x00000000        0x0 c:/program files (x86)/atmel/studio/7.0/toolchain/avr8/avr8-gnu-toolchain/bin/../lib/gcc/avr/4.9.2/avr5\libgcc.a(_copy_data.o)
 .text.libgcc.div
                0x00000000        0x0 c:/program files (x86)/atmel/studio/7.0/toolchain/avr8/avr8-gnu-toolchain/bin/../lib/gcc/avr/4.9.2/avr5\libgcc.a(_copy_data.o)
 .text.libgcc   0x00000000        0x0 c:/program files (x86)/atmel/studio/7.0/toolchain/avr8/avr8-gnu-toolchain/bin/../lib/gcc/avr/4.9.2/avr5\libgcc.a(_copy_data.o)
 .text.libgcc.prologue
                0x00000000        0x0 c:/program files (x86)/atmel/studio/7.0/toolchain/avr8/avr8-gnu-toolchain/bin/../lib/gcc/avr/4.9.2/avr5\libgcc.a(_copy_data.o)
 .text.libgcc.builtins
                0x00000000        0x0 c:/program files (x86)/atmel/studio/7.0/toolchain/avr8/avr8-gnu-toolchain/bin/../lib/gcc/avr/4.9.2/avr5\libgcc.a(_copy_data.o)
 .text.libgcc.fmul
                0x00000000        0x0 c:/program files (x86)/atmel/studio/7.0/toolchain/avr8/avr8-gnu-toolchain/bin/../lib/gcc/avr/4.9.2/avr5\libgcc.a(_copy_data.o)
 .text.libgcc.fixed
                0x00000000        0x0 c:/program files (x86)/atmel/studio/7.0/toolchain/avr8/avr8-gnu-toolchain/bin/../lib/gcc/avr/4.9.2/avr5\libgcc.a(_copy_data.o)
 .text          0x00000000        0x0 c:/program files (x86)/atmel/studio/7.0/toolchain/avr8/avr8-gnu-toolchain/bin/../lib/gcc/avr/4.9.2/avr5\libgcc.a(_clear_bss.o)
 .data          0x00000000        0x0 c:/program files (x86)/atmel/studio/7.0/toolchain/avr8/avr8-gnu-toolchain/bin/../lib/gcc/avr/4.9.2/avr5\libgcc.a(_clear_bss.o)
 .bss           0x00000000        0x0 c:/program files (x86)/atmel/studio/7.0/toolchain/avr8/avr8-gnu-toolchain/bin/../lib/gcc/avr/4.9.2/avr5\libgcc.a(_clear_bss.o)
 .text.libgcc.mul
                0x00000000        0x0 c:/program files (x86)/atmel/studio/7.0/toolchain/avr8/avr8-gnu-toolchain/bin/../lib/gcc/avr/4.9.2/avr5\libgcc.a(_clear_bss.o)
 .text.libgcc.div
                0x00000000        0x0 c:/program files (x86)/atmel/studio/7.0/toolchain/avr8/avr8-gnu-toolchain/bin/../lib/gcc/avr/4.9.2/avr5\libgcc.a(_clear_bss.o)
 .text.libgcc   0x00000000        0x0 c:/program files (x86)/atmel/studio/7.0/toolchain/avr8/avr8-gnu-toolchain/bin/../lib/gcc/avr/4.9.2/avr5\libgcc.a(_clear_bss.o)
 .text.libgcc.prologue
                0x00000000        0x0 c:/program files (x86)/atmel/studio/7.0/toolchain/avr8/avr8-gnu-toolchain/bin/../lib/gcc/avr/4.9.2/avr5\libgcc.a(_clear_bss.o)
 .text.libgcc.builtins
                0x00000000        0x0 c:/program files (x86)/atmel/studio/7.0/toolchain/avr8/avr8-gnu-toolchain/bin/../lib/gcc/avr/4.9.2/avr5\libgcc.a(_clear_bss.o)
 .text.libgcc.fmul
                0x00000000        0x0 c:/program files (x86)/atmel/studio/7.0/toolchain/avr8/avr8-gnu-toolchain/bin/../lib/gcc/avr/4.9.2/avr5\libgcc.a(_clear_bss.o)
 .text.libgcc.fixed
                0x00000000        0x0 c:/program files (x86)/atmel/studio/7.0/toolchain/avr8/avr8-gnu-toolchain/bin/../lib/gcc/avr/4.9.2/avr5\libgcc.a(_clear_bss.o)
 .text          0x00000000        0x0 c:/program files (x86)/atmel/studio/7.0/toolchain/avr8/avr8-gnu-toolchain/bin/../lib/gcc/avr/4.9.2/avr5\libgcc.a(_umulhisi3.o)
 .data          0x00000000        0x0 c:/program files (x86)/atmel/studio/7.0/toolchain/avr8/avr8-gnu-toolchain/bin/../lib/gcc/avr/4.9.2/avr5\libgcc.a(_umulhisi3.o)
 .bss           0x00000000        0x0 c:/program files (x86)/atmel/studio/7.0/toolchain/avr8/avr8-gnu-toolchain/bin/../lib/gcc/avr/4.9.2/avr5\libgcc.a(_umulhisi3.o)
 .text.libgcc.mul
                0x00000000       0x1e c:/program files (x86)/atmel/studio/7.0/toolchain/avr8/avr8-gnu-toolchain/bin/../lib/gcc/avr/4.9.2/avr5\libgcc.a(_umulhisi3.o)
 .text.libgcc.div
                0x00000000        0x0 c:/program files (x86)/atmel/studio/7.0/toolchain/avr8/avr8-gnu-toolchain/bin/../lib/gcc/avr/4.9.2/avr5\libgcc.a(_umulhisi3.o)
 .text.libgcc   0x00000000        0x0 c:/program files (x86)/atmel/studio/7.0/toolchain/avr8/avr8-gnu-toolchain/bin/../lib/gcc/avr/4.9.2/avr5\libgcc.a(_umulhisi3.o)
 .text.libgcc.prologue
                0x00000000        0x0 c:/program files (x86)/atmel/studio/7.0/toolchain/avr8/avr8-gnu-toolchain/bin/../lib/gcc/avr/4.9.2/avr5\libgcc.a(_umulhisi3.o)
 .text.libgcc.builtins
                0x00000000        0x0 c:/program files (x86)/atmel/studio/7.0/toolchain/avr8/avr8-gnu-toolchain/bin/../lib/gcc/avr/4.9.2/avr5\libgcc.a(_umulhisi3.o)
 .text.libgcc.fmul
                0x00000000        0x0 c:/program files (x86)/atmel/studio/7.0/toolchain/avr8/avr8-gnu-toolchain/bin/../lib/gcc/avr/4.9.2/avr5\libgcc.a(_umulhisi3.o)
 .text.libgcc.fixed
                0x00000000        0x0 c:/program files (x86)/atmel/studio/7.0/toolchain/avr8/avr8-gnu-toolchain/bin/../lib/gcc/avr/4.9.2/avr5\libgcc.a(_umulhisi3.o)
 .text          0x00000000        0x0 c:/program files (x86)/atmel/studio/7.0/toolchain/avr8/avr8-gnu-toolchain/bin/../lib/gcc/avr/4.9.2/avr5\libgcc.a(_muluhisi3.o)
 .data          0x00000000        0x0 c:/program files (x86)/atmel/studio/7.0/toolchain/avr8/avr8-gnu-toolchain/bin/../lib/gcc/avr/4.9.2/avr5\libgcc.a(_muluhisi3.o)
 .bss           0x00000000        0x0 c:/program files (x86)/atmel/studio/7.0/toolchain/avr8/avr8-gnu-toolchain/bin/../lib/gcc/avr/4.9.2/avr5\libgcc.a(_muluhisi3.o)
 .text.libgcc.mul
                0x00000000       0x16 c:/program files (x86)/atmel/studio/7.0/toolchain/avr8/avr8-gnu-toolchain/bin/../lib/gcc/avr/4.9.2/avr5\libgcc.a(_muluhisi3.o)
 .text.libgcc.div
                0x00000000        0x0 c:/program files (x86)/atmel/studio/7.0/toolchain/avr8/avr8-gnu-toolchain/bin/../lib/gcc/avr/4.9.2/avr5\libgcc.a(_muluhisi3.o)
 .text.libgcc   0x00000000        0x0 c:/program files (x86)/atmel/studio/7.0/toolchain/avr8/avr8-gnu-toolchain/bin/../lib/gcc/avr/4.9.2/avr5\libgcc.a(_muluhisi3.o)
 .text.libgcc.prologue
                0x00000000        0x0 c:/program files (x86)/atmel/studio/7.0/toolchain/avr8/avr8-gnu-toolchain/bin/../lib/gcc/avr/4.9.2/avr5\libgcc.a(_muluhisi3.o)
 .text.libgcc.builtins
                0x00000000        0x0 c:/program files (x86)/atmel/studio/7.0/toolchain/avr8/avr8-gnu-toolchain/bin/../lib/gcc/avr/4.9.2/avr5\libgcc.a(_muluhisi3.o)
 .text.libgcc.fmul
                0x00000000        0x0 c:/program files (x86)/atmel/studio/7.0/toolchain/avr8/avr8-gnu-toolchain/bin/../lib/gcc/avr/4.9.2/avr5\libgcc.a(_muluhisi3.o)
 .text.libgcc.fixed
                0x00000000        0x0 c:/program files (x86)/atmel/studio/7.0/toolchain/avr8/avr8-gnu-toolchain/bin/../lib/gcc/avr/4.9.2/avr5\libgcc.a(_muluhisi3.o)
 .text          0x00000000        0x0 c:/program files (x86)/atmel/studio/7.0/toolchain/avr8/avr8-gnu-toolchain/bin/../lib/gcc/avr/4.9.2/avr5\libgcc.a(_udivdi3.o)
 .data          0x00000000        0x0 c:/program files (x86)/atmel/studio/7.0/toolchain/avr8/avr8-gnu-toolchain/bin/../lib/gcc/avr/4.9.2/avr5\libgcc.a(_udivdi3.o)
 .bss           0x00000000        0x0 c:/program files (x86)/atmel/studio/7.0/toolchain/avr8/avr8-gnu-toolchain/bin/../lib/gcc/avr/4.9.2/avr5\libgcc.a(_udivdi3.o)
 .text.libgcc.mul
                0x00000000        0x0 c:/program files (x86)/atmel/studio/7.0/toolchain/avr8/avr8-gnu-toolchain/bin/../lib/gcc/avr/4.9.2/avr5\libgcc.a(_udivdi3.o)
 .text.libgcc   0x00000000        0x0 c:/program files (x86)/atmel/studio/7.0/toolchain/avr8/avr8-gnu-toolchain/bin/../lib/gcc/avr/4.9.2/avr5\libgcc.a(_udivdi3.o)
 .text.libgcc.prologue
                0x00000000        0x0 c:/program files (x86)/atmel/studio/7.0/toolchain/avr8/avr8-gnu-toolchain/bin/../lib/gcc/avr/4.9.2/avr5\libgcc.a(_udivdi3.o)
 .text.libgcc.builtins
                0x00000000        0x0 c:/program files (x86)/atmel/studio/7.0/toolchain/avr8/avr8-gnu-toolchain/bin/../lib/gcc/avr/4.9.2/avr5\libgcc.a(_udivdi3.o)
 .text.libgcc.fmul
                0x00000000        0x0 c:/program files (x86)/atmel/studio/7.0/toolchain/avr8/avr8-gnu-toolchain/bin/../lib/gcc/avr/4.9.2/avr5\libgcc.a(_udivdi3.o)
 .text.libgcc.fixed
                0x00000000        0x0 c:/program files (x86)/atmel/studio/7.0/toolchain/avr8/avr8-gnu-toolchain/bin/../lib/gcc/avr/4.9.2/avr5\libgcc.a(_udivdi3.o)
 .text          0x00000000        0x0 c:/program files (x86)/atmel/studio/7.0/toolchain/avr8/avr8-gnu-toolchain/bin/../lib/gcc/avr/4.9.2/avr5\libgcc.a(_udivmod64.o)
 .data          0x00000000        0x0 c:/program files (x86)/atmel/studio/7.0/toolchain/avr8/avr8-gnu-toolchain/bin/../lib/gcc/avr/4.9.2/avr5\libgcc.a(_udivmod64.o)
 .bss           0x00000000        0x0 c:/program files (x86)/atmel/studio/7.0/toolchain/avr8/avr8-gnu-toolchain/bin/../lib/gcc/avr/4.9.2/avr5\libgcc.a(_udivmod64.o)
 .text.libgcc.mul
                0x00000000        0x0 c:/program files (x86)/atmel/studio/7.0/toolchain/avr8/avr8-gnu-toolchain/bin/../lib/gcc/avr/4.9.2/avr5\libgcc.a(_udivmod64.o)
 .text.libgcc   0x00000000        0x0 c:/program files (x86)/atmel/studio/7.0/toolchain/avr8/avr8-gnu-toolchain/bin/../lib/gcc/avr/4.9.2/avr5\libgcc.a(_udivmod64.o)
 .text.libgcc.prologue
                0x00000000        0x0 c:/program files (x86)/atmel/studio/7.0/toolchain/avr8/avr8-gnu-toolchain/bin/../lib/gcc/avr/4.9.2/avr5\libgcc.a(_udivmod64.o)
 .text.libgcc.builtins
                0x00000000        0x0 c:/program files (x86)/atmel/studio/7.0/toolchain/avr8/avr8-gnu-toolchain/bin/../lib/gcc/avr/4.9.2/avr5\libgcc.a(_udivmod64.o)
 .text.libgcc.fmul
                0x00000000        0x0 c:/program files (x86)/atmel/studio/7.0/toolchain/avr8/avr8-gnu-toolchain/bin/../lib/gcc/avr/4.9.2/avr5\libgcc.a(_udivmod64.o)
 .text.libgcc.fixed
                0x00000000        0x0 c:/program files (x86)/atmel/studio/7.0/toolchain/avr8/avr8-gnu-toolchain/bin/../lib/gcc/avr/4.9.2/avr5\libgcc.a(_udivmod64.o)
 .text          0x00000000        0x0 c:/program files (x86)/atmel/studio/7.0/toolchain/avr8/avr8-gnu-toolchain/bin/../lib/gcc/avr/4.9.2/avr5\libgcc.a(_ashldi3.o)
 .data          0x00000000        0x0 c:/program files (x86)/atmel/studio/7.0/toolchain/avr8/avr8-gnu-toolchain/bin/../lib/gcc/avr/4.9.2/avr5\libgcc.a(_ashldi3.o)
 .bss           0x00000000        0x0 c:/program files (x86)/atmel/studio/7.0/toolchain/avr8/avr8-gnu-toolchain/bin/../lib/gcc/avr/4.9.2/avr5\libgcc.a(_ashldi3.o)
 .text.libgcc.mul
                0x00000000        0x0 c:/program files (x86)/atmel/studio/7.0/toolchain/avr8/avr8-gnu-toolchain/bin/../lib/gcc/avr/4.9.2/avr5\libgcc.a(_ashldi3.o)
 .text.libgcc.div
                0x00000000        0x0 c:/program files (x86)/atmel/studio/7.0/toolchain/avr8/avr8-gnu-toolchain/bin/../lib/gcc/avr/4.9.2/avr5\libgcc.a(_ashldi3.o)
 .text.libgcc   0x00000000        0x0 c:/program files (x86)/atmel/studio/7.0/toolchain/avr8/avr8-gnu-toolchain/bin/../lib/gcc/avr/4.9.2/avr5\libgcc.a(_ashldi3.o)
 .text.libgcc.prologue
                0x00000000        0x0 c:/program files (x86)/atmel/studio/7.0/toolchain/avr8/avr8-gnu-toolchain/bin/../lib/gcc/avr/4.9.2/avr5\libgcc.a(_ashldi3.o)
 .text.libgcc.fmul
                0x00000000        0x0 c:/program files (x86)/atmel/studio/7.0/toolchain/avr8/avr8-gnu-toolchain/bin/../lib/gcc/avr/4.9.2/avr5\libgcc.a(_ashldi3.o)
 .text.libgcc.fixed
                0x00000000        0x0 c:/program files (x86)/atmel/studio/7.0/toolchain/avr8/avr8-gnu-toolchain/bin/../lib/gcc/avr/4.9.2/avr5\libgcc.a(_ashldi3.o)
 .text          0x00000000        0x0 c:/program files (x86)/atmel/studio/7.0/toolchain/avr8/avr8-gnu-toolchain/bin/../lib/gcc/avr/4.9.2/avr5\libgcc.a(_ashrdi3.o)
 .data          0x00000000        0x0 c:/program files (x86)/atmel/studio/7.0/toolchain/avr8/avr8-gnu-toolchain/bin/../lib/gcc/avr/4.9.2/avr5\libgcc.a(_ashrdi3.o)
 .bss           0x00000000        0x0 c:/program files (x86)/atmel/studio/7.0/toolchain/avr8/avr8-gnu-toolchain/bin/../lib/gcc/avr/4.9.2/avr5\libgcc.a(_ashrdi3.o)
 .text.libgcc.mul
                0x00000000        0x0 c:/program files (x86)/atmel/studio/7.0/toolchain/avr8/avr8-gnu-toolchain/bin/../lib/gcc/avr/4.9.2/avr5\libgcc.a(_ashrdi3.o)
 .text.libgcc.div
                0x00000000        0x0 c:/program files (x86)/atmel/studio/7.0/toolchain/avr8/avr8-gnu-toolchain/bin/../lib/gcc/avr/4.9.2/avr5\libgcc.a(_ashrdi3.o)
 .text.libgcc   0x00000000        0x0 c:/program files (x86)/atmel/studio/7.0/toolchain/avr8/avr8-gnu-toolchain/bin/../lib/gcc/avr/4.9.2/avr5\libgcc.a(_ashrdi3.o)
 .text.libgcc.prologue
                0x00000000        0x0 c:/program files (x86)/atmel/studio/7.0/toolchain/avr8/avr8-gnu-toolchain/bin/../lib/gcc/avr/4.9.2/avr5\libgcc.a(_ashrdi3.o)
 .text.libgcc.fmul
                0x00000000        0x0 c:/program files (x86)/atmel/studio/7.0/toolchain/avr8/avr8-gnu-toolchain/bin/../lib/gcc/avr/4.9.2/avr5\libgcc.a(_ashrdi3.o)
 .text.libgcc.fixed
                0x00000000        0x0 c:/program files (x86)/atmel/studio/7.0/toolchain/avr8/avr8-gnu-toolchain/bin/../lib/gcc/avr/4.9.2/avr5\libgcc.a(_ashrdi3.o)
 .text          0x00000000        0x0 c:/program files (x86)/atmel/studio/7.0/toolchain/avr8/avr8-gnu-toolchain/bin/../lib/gcc/avr/4.9.2/avr5\libgcc.a(_adddi3_s8.o)
 .data          0x00000000        0x0 c:/program files (x86)/atmel/studio/7.0/toolchain/avr8/avr8-gnu-toolchain/bin/../lib/gcc/avr/4.9.2/avr5\libgcc.a(_adddi3_s8.o)
 .bss           0x00000000        0x0 c:/program files (x86)/atmel/studio/7.0/toolchain/avr8/avr8-gnu-toolchain/bin/../lib/gcc/avr/4.9.2/avr5\libgcc.a(_adddi3_s8.o)
 .text.libgcc.mul
                0x00000000        0x0 c:/program files (x86)/atmel/studio/7.0/toolchain/avr8/avr8-gnu-toolchain/bin/../lib/gcc/avr/4.9.2/avr5\libgcc.a(_adddi3_s8.o)
 .text.libgcc.div
                0x00000000        0x0 c:/program files (x86)/atmel/studio/7.0/toolchain/avr8/avr8-gnu-toolchain/bin/../lib/gcc/avr/4.9.2/avr5\libgcc.a(_adddi3_s8.o)
 .text.libgcc.prologue
                0x00000000        0x0 c:/program files (x86)/atmel/studio/7.0/toolchain/avr8/avr8-gnu-toolchain/bin/../lib/gcc/avr/4.9.2/avr5\libgcc.a(_adddi3_s8.o)
 .text.libgcc.builtins
                0x00000000        0x0 c:/program files (x86)/atmel/studio/7.0/toolchain/avr8/avr8-gnu-toolchain/bin/../lib/gcc/avr/4.9.2/avr5\libgcc.a(_adddi3_s8.o)
 .text.libgcc.fmul
                0x00000000        0x0 c:/program files (x86)/atmel/studio/7.0/toolchain/avr8/avr8-gnu-toolchain/bin/../lib/gcc/avr/4.9.2/avr5\libgcc.a(_adddi3_s8.o)
 .text.libgcc.fixed
                0x00000000        0x0 c:/program files (x86)/atmel/studio/7.0/toolchain/avr8/avr8-gnu-toolchain/bin/../lib/gcc/avr/4.9.2/avr5\libgcc.a(_adddi3_s8.o)
 .text          0x00000000        0x0 c:/program files (x86)/atmel/studio/7.0/toolchain/avr8/avr8-gnu-toolchain/bin/../lib/gcc/avr/4.9.2/avr5\libgcc.a(_cmpdi2.o)
 .data          0x00000000        0x0 c:/program files (x86)/atmel/studio/7.0/toolchain/avr8/avr8-gnu-toolchain/bin/../lib/gcc/avr/4.9.2/avr5\libgcc.a(_cmpdi2.o)
 .bss           0x00000000        0x0 c:/program files (x86)/atmel/studio/7.0/toolchain/avr8/avr8-gnu-toolchain/bin/../lib/gcc/avr/4.9.2/avr5\libgcc.a(_cmpdi2.o)
 .text.libgcc.mul
                0x00000000        0x0 c:/program files (x86)/atmel/studio/7.0/toolchain/avr8/avr8-gnu-toolchain/bin/../lib/gcc/avr/4.9.2/avr5\libgcc.a(_cmpdi2.o)
 .text.libgcc.div
                0x00000000        0x0 c:/program files (x86)/atmel/studio/7.0/toolchain/avr8/avr8-gnu-toolchain/bin/../lib/gcc/avr/4.9.2/avr5\libgcc.a(_cmpdi2.o)
 .text.libgcc.prologue
                0x00000000        0x0 c:/program files (x86)/atmel/studio/7.0/toolchain/avr8/avr8-gnu-toolchain/bin/../lib/gcc/avr/4.9.2/avr5\libgcc.a(_cmpdi2.o)
 .text.libgcc.builtins
                0x00000000        0x0 c:/program files (x86)/atmel/studio/7.0/toolchain/avr8/avr8-gnu-toolchain/bin/../lib/gcc/avr/4.9.2/avr5\libgcc.a(_cmpdi2.o)
 .text.libgcc.fmul
                0x00000000        0x0 c:/program files (x86)/atmel/studio/7.0/toolchain/avr8/avr8-gnu-toolchain/bin/../lib/gcc/avr/4.9.2/avr5\libgcc.a(_cmpdi2.o)
 .text.libgcc.fixed
                0x00000000        0x0 c:/program files (x86)/atmel/studio/7.0/toolchain/avr8/avr8-gnu-toolchain/bin/../lib/gcc/avr/4.9.2/avr5\libgcc.a(_cmpdi2.o)
 .text          0x00000000        0x0 c:/program files (x86)/atmel/studio/7.0/toolchain/avr8/avr8-gnu-toolchain/bin/../lib/gcc/avr/4.9.2/avr5\libgcc.a(_cmpdi2_s8.o)
 .data          0x00000000        0x0 c:/program files (x86)/atmel/studio/7.0/toolchain/avr8/avr8-gnu-toolchain/bin/../lib/gcc/avr/4.9.2/avr5\libgcc.a(_cmpdi2_s8.o)
 .bss           0x00000000        0x0 c:/program files (x86)/atmel/studio/7.0/toolchain/avr8/avr8-gnu-toolchain/bin/../lib/gcc/avr/4.9.2/avr5\libgcc.a(_cmpdi2_s8.o)
 .text.libgcc.mul
                0x00000000        0x0 c:/program files (x86)/atmel/studio/7.0/toolchain/avr8/avr8-gnu-toolchain/bin/../lib/gcc/avr/4.9.2/avr5\libgcc.a(_cmpdi2_s8.o)
 .text.libgcc.div
                0x00000000        0x0 c:/program files (x86)/atmel/studio/7.0/toolchain/avr8/avr8-gnu-toolchain/bin/../lib/gcc/avr/4.9.2/avr5\libgcc.a(_cmpdi2_s8.o)
 .text.libgcc.prologue
                0x00000000        0x0 c:/program files (x86)/atmel/studio/7.0/toolchain/avr8/avr8-gnu-toolchain/bin/../lib/gcc/avr/4.9.2/avr5\libgcc.a(_cmpdi2_s8.o)
 .text.libgcc.builtins
                0x00000000        0x0 c:/program files (x86)/atmel/studio/7.0/toolchain/avr8/avr8-gnu-toolchain/bin/../lib/gcc/avr/4.9.2/avr5\libgcc.a(_cmpdi2_s8.o)
 .text.libgcc.fmul
                0x00000000        0x0 c:/program files (x86)/atmel/studio/7.0/toolchain/avr8/avr8-gnu-toolchain/bin/../lib/gcc/avr/4.9.2/avr5\libgcc.a(_cmpdi2_s8.o)
 .text.libgcc.fixed
                0x00000000        0x0 c:/program files (x86)/atmel/studio/7.0/toolchain/avr8/avr8-gnu-toolchain/bin/../lib/gcc/avr/4.9.2/avr5\libgcc.a(_cmpdi2_s8.o)

Memory Configuration

Name             Origin             Length             Attributes
text             0x00000000         0x00020000         xr
data             0x00800060         0x0000ffa0         rw !x
eeprom           0x00810000         0x00010000         rw !x
fuse             0x00820000         0x00000003         rw !x
lock             0x00830000         0x00000400         rw !x
signature        0x00840000         0x00000400         rw !x
user_signatures  0x00850000         0x00000400         rw !x
*default*        0x00000000         0xffffffff

Linker script and memory map

Address of section .data set to 0x800100
LOAD C:/Program Files (x86)/Atmel/Studio/7.0/Packs/atmel/ATmega_DFP/1.1.130/gcc/dev/atmega328p/avr5/crtatmega328p.o
LOAD ATmega328P.o
LOAD Essential.o
LOAD NRF24L01.o
LOAD Switch.o
LOAD Timer.o
LOAD main.o
START GROUP
LOAD c:/program files (x86)/atmel/studio/7.0/toolchain/avr8/avr8-gnu-toolchain/bin/../lib/gcc/avr/4.9.2/../../../../avr/lib/avr5\libm.a
END GROUP
LOAD c:/program files (x86)/atmel/studio/7.0/toolchain/avr8/avr8-gnu-toolchain/bin/../lib/gcc/avr/4.9.2/avr5\libgcc.a
LOAD c:/program files (x86)/atmel/studio/7.0/toolchain/avr8/avr8-gnu-toolchain/bin/../lib/gcc/avr/4.9.2/../../../../avr/lib/avr5\libm.a
START GROUP
LOAD c:/program files (x86)/atmel/studio/7.0/toolchain/avr8/avr8-gnu-toolchain/bin/../lib/gcc/avr/4.9.2/avr5\libgcc.a
LOAD c:/program files (x86)/atmel/studio/7.0/toolchain/avr8/avr8-gnu-toolchain/bin/../lib/gcc/avr/4.9.2/../../../../avr/lib/avr5\libm.a
LOAD c:/program files (x86)/atmel/studio/7.0/toolchain/avr8/avr8-gnu-toolchain/bin/../lib/gcc/avr/4.9.2/../../../../avr/lib/avr5\libc.a
LOAD C:/Program Files (x86)/Atmel/Studio/7.0/Packs/atmel/ATmega_DFP/1.1.130/gcc/dev/atmega328p/avr5\libatmega328p.a
END GROUP
                0x00020000                __TEXT_REGION_LENGTH__ = DEFINED (__TEXT_REGION_LENGTH__)?__TEXT_REGION_LENGTH__:0x20000
                0x0000ffa0                __DATA_REGION_LENGTH__ = DEFINED (__DATA_REGION_LENGTH__)?__DATA_REGION_LENGTH__:0xffa0
                0x00010000                __EEPROM_REGION_LENGTH__ = DEFINED (__EEPROM_REGION_LENGTH__)?__EEPROM_REGION_LENGTH__:0x10000
                [0x00000003]                __FUSE_REGION_LENGTH__ = DEFINED (__FUSE_REGION_LENGTH__)?__FUSE_REGION_LENGTH__:0x400
                0x00000400                __LOCK_REGION_LENGTH__ = DEFINED (__LOCK_REGION_LENGTH__)?__LOCK_REGION_LENGTH__:0x400
                0x00000400                __SIGNATURE_REGION_LENGTH__ = DEFINED (__SIGNATURE_REGION_LENGTH__)?__SIGNATURE_REGION_LENGTH__:0x400
                0x00000400                __USER_SIGNATURE_REGION_LENGTH__ = DEFINED (__USER_SIGNATURE_REGION_LENGTH__)?__USER_SIGNATURE_REGION_LENGTH__:0x400

.hash
 *(.hash)

.dynsym
 *(.dynsym)

.dynstr
 *(.dynstr)

.gnu.version
 *(.gnu.version)

.gnu.version_d
 *(.gnu.version_d)

.gnu.version_r
 *(.gnu.version_r)

.rel.init
 *(.rel.init)

.rela.init
 *(.rela.init)

.rel.text
 *(.rel.text)
 *(.rel.text.*)
 *(.rel.gnu.linkonce.t*)

.rela.text
 *(.rela.text)
 *(.rela.text.*)
 *(.rela.gnu.linkonce.t*)

.rel.fini
 *(.rel.fini)

.rela.fini
 *(.rela.fini)

.rel.rodata
 *(.rel.rodata)
 *(.rel.rodata.*)
 *(.rel.gnu.linkonce.r*)

.rela.rodata
 *(.rela.rodata)
 *(.rela.rodata.*)
 *(.rela.gnu.linkonce.r*)

.rel.data
 *(.rel.data)
 *(.rel.data.*)
 *(.rel.gnu.linkonce.d*)

.rela.data
 *(.rela.data)
 *(.rela.data.*)
 *(.rela.gnu.linkonce.d*)

.rel.ctors
 *(.rel.ctors)

.rela.ctors
 *(.rela.ctors)

.rel.dtors
 *(.rel.dtors)

.rela.dtors
 *(.rela.dtors)

.rel.got
 *(.rel.got)

.rela.got
 *(.rela.got)

.rel.bss
 *(.rel.bss)

.rela.bss
 *(.rela.bss)

.rel.plt
 *(.rel.plt)

.rela.plt
 *(.rela.plt)

.text           0x00000000     0x1ba2
 *(.vectors)
 .vectors       0x00000000       0x68 C:/Program Files (x86)/Atmel/Studio/7.0/Packs/atmel/ATmega_DFP/1.1.130/gcc/dev/atmega328p/avr5/crtatmega328p.o
                0x00000000                __vector_default
                0x00000000                __vectors
 *(.vectors)
 *(.progmem.gcc*)
                0x00000068                . = ALIGN (0x2)
                0x00000068                __trampolines_start = .
 *(.trampolines)
 .trampolines   0x00000068        0x0 linker stubs
 *(.trampolines*)
                0x00000068                __trampolines_end = .
 *libprintf_flt.a:*(.progmem.data)
 *libc.a:*(.progmem.data)
 *(.progmem*)
 .progmem.data._ZZN8NRF24L017setModeEbE3__c_2
                0x00000068       0x19 NRF24L01.o
 .progmem.data._ZZN8NRF24L017setModeEbE3__c_1
                0x00000081       0x36 NRF24L01.o
 .progmem.data._ZZN8NRF24L017setModeEbE3__c_0
                0x000000b7       0x26 NRF24L01.o
 .progmem.data._ZZN8NRF24L017setModeEbE3__c
                0x000000dd       0x25 NRF24L01.o
 .progmem.data._ZZN8NRF24L018testChipEvE3__c_1
                0x00000102       0x14 NRF24L01.o
 .progmem.data._ZZN8NRF24L018testChipEvE3__c_0
                0x00000116       0x2a NRF24L01.o
 .progmem.data._ZZN8NRF24L018testChipEvE3__c
                0x00000140        0xf NRF24L01.o
 .progmem.data._ZZN8NRF24L0110initializeEvE3__c_0
                0x0000014f       0x23 NRF24L01.o
 .progmem.data._ZZN8NRF24L0110initializeEvE3__c
                0x00000172       0x23 NRF24L01.o
 .progmem.data._ZZ4mainE3__c_0
                0x00000195        0x5 main.o
 .progmem.data._ZZ4mainE3__c
                0x0000019a        0xf main.o
                0x000001aa                . = ALIGN (0x2)
 *fill*         0x000001a9        0x1 
 *(.jumptables)
 *(.jumptables*)
 *(.lowtext)
 *(.lowtext*)
                0x000001aa                __ctors_start = .
 *(.ctors)
                0x000001aa                __ctors_end = .
                0x000001aa                __dtors_start = .
 *(.dtors)
                0x000001aa                __dtors_end = .
 SORT(*)(.ctors)
 SORT(*)(.dtors)
 *(.init0)
 .init0         0x000001aa        0x0 C:/Program Files (x86)/Atmel/Studio/7.0/Packs/atmel/ATmega_DFP/1.1.130/gcc/dev/atmega328p/avr5/crtatmega328p.o
                0x000001aa                __init
 *(.init0)
 *(.init1)
 *(.init1)
 *(.init2)
 .init2         0x000001aa        0xc C:/Program Files (x86)/Atmel/Studio/7.0/Packs/atmel/ATmega_DFP/1.1.130/gcc/dev/atmega328p/avr5/crtatmega328p.o
 *(.init2)
 *(.init3)
 *(.init3)
 *(.init4)
 .init4         0x000001b6       0x16 c:/program files (x86)/atmel/studio/7.0/toolchain/avr8/avr8-gnu-toolchain/bin/../lib/gcc/avr/4.9.2/avr5\libgcc.a(_copy_data.o)
                0x000001b6                __do_copy_data
 .init4         0x000001cc       0x10 c:/program files (x86)/atmel/studio/7.0/toolchain/avr8/avr8-gnu-toolchain/bin/../lib/gcc/avr/4.9.2/avr5\libgcc.a(_clear_bss.o)
                0x000001cc                __do_clear_bss
 *(.init4)
 *(.init5)
 *(.init5)
 *(.init6)
 *(.init6)
 *(.init7)
 *(.init7)
 *(.init8)
 *(.init8)
 *(.init9)
 .init9         0x000001dc        0x8 C:/Program Files (x86)/Atmel/Studio/7.0/Packs/atmel/ATmega_DFP/1.1.130/gcc/dev/atmega328p/avr5/crtatmega328p.o
 *(.init9)
 *(.text)
 .text          0x000001e4        0x4 C:/Program Files (x86)/Atmel/Studio/7.0/Packs/atmel/ATmega_DFP/1.1.130/gcc/dev/atmega328p/avr5/crtatmega328p.o
                0x000001e4                __vector_22
                0x000001e4                __vector_24
                0x000001e4                __vector_12
                0x000001e4                __bad_interrupt
                0x000001e4                __vector_23
                0x000001e4                __vector_25
                0x000001e4                __vector_13
                0x000001e4                __vector_17
                0x000001e4                __vector_19
                0x000001e4                __vector_7
                0x000001e4                __vector_9
                0x000001e4                __vector_21
                0x000001e4                __vector_15
                0x000001e4                __vector_8
                0x000001e4                __vector_14
                0x000001e4                __vector_10
                0x000001e4                __vector_16
                0x000001e4                __vector_18
                0x000001e4                __vector_20
                0x000001e8                . = ALIGN (0x2)
 *(.text.*)
 .text._Z15getReadyToSleepv
                0x000001e8        0x8 ATmega328P.o
                0x000001e8                _Z15getReadyToSleepv
 .text._Z6wakeUpv
                0x000001f0        0x6 ATmega328P.o
                0x000001f0                _Z6wakeUpv
 .text._Z10allowSleepb
                0x000001f6        0x6 ATmega328P.o
                0x000001f6                _Z10allowSleepb
 .text._Z12sleepAllowedv
                0x000001fc        0x6 ATmega328P.o
                0x000001fc                _Z12sleepAllowedv
 .text._Z14SPI_MasterInitv
                0x00000202       0x12 ATmega328P.o
                0x00000202                _Z14SPI_MasterInitv
 .text._Z18SPI_MasterTransmitc
                0x00000214        0xc ATmega328P.o
                0x00000214                _Z18SPI_MasterTransmitc
 .text._Z11Init_CTC_T1hj
                0x00000220       0x1e ATmega328P.o
                0x00000220                _Z11Init_CTC_T1hj
 .text._Z11setPinStatehhb
                0x0000023e       0xa2 ATmega328P.o
                0x0000023e                _Z11setPinStatehhb
 .text._Z15setPinDirectionhhb
                0x000002e0       0xa2 ATmega328P.o
                0x000002e0                _Z15setPinDirectionhhb
 .text._Z21setPinChangeInterrupthhb
                0x00000382       0x6e ATmega328P.o
                0x00000382                _Z21setPinChangeInterrupthhb
 .text._Z10USART_Initj
                0x000003f0       0x16 ATmega328P.o
                0x000003f0                _Z10USART_Initj
 .text._Z14USART_Transmith
                0x00000406       0x10 ATmega328P.o
                0x00000406                _Z14USART_Transmith
 .text._Z6millisv
                0x00000416       0x22 ATmega328P.o
                0x00000416                _Z6millisv
 .text._Z13milliHappenedv
                0x00000438       0x66 ATmega328P.o
                0x00000438                _Z13milliHappenedv
 .text.__vector_6
                0x0000049e       0x1e ATmega328P.o
                0x0000049e                __vector_6
 .text._Z10numToArrayy
                0x000004bc       0x20 Essential.o
                0x000004bc                _Z10numToArrayy
 .text._Z10hexToASCIIh
                0x000004dc        0xc Essential.o
                0x000004dc                _Z10hexToASCIIh
 .text._Z11hexToStringh
                0x000004e8       0x30 Essential.o
                0x000004e8                _Z11hexToStringh
 .text._Z11printNumbery
                0x00000518      0x138 Essential.o
                0x00000518                _Z11printNumbery
 .text._Z6NotifyPKc
                0x00000650       0x32 Essential.o
                0x00000650                _Z6NotifyPKc
 .text._Z15printStringCRNLPKc
                0x00000682       0x2a Essential.o
                0x00000682                _Z15printStringCRNLPKc
 .text._Z11printStringPKc
                0x000006ac       0x1e Essential.o
                0x000006ac                _Z11printStringPKc
 .text._Z16hexArrayToStringPhh
                0x000006ca       0x62 Essential.o
                0x000006ca                _Z16hexArrayToStringPhh
 .text._Z14printHexNumberyh
                0x0000072c       0x14 Essential.o
                0x0000072c                _Z14printHexNumberyh
 .text._ZN8NRF24L0114toggleActivateEv
                0x00000740       0x12 NRF24L01.o
                0x00000740                _ZN8NRF24L0114toggleActivateEv
 .text._ZN8NRF24L0114sendSPICommandEh
                0x00000752        0xc NRF24L01.o
                0x00000752                _ZN8NRF24L0114sendSPICommandEh
 .text._ZN8NRF24L0115readSPIRegisterEhh
                0x0000075e       0xa8 NRF24L01.o
                0x0000075e                _ZN8NRF24L0115readSPIRegisterEhh
 .text._ZN8NRF24L019printInfoEv
                0x00000806       0x9e NRF24L01.o
                0x00000806                _ZN8NRF24L019printInfoEv
 .text._ZN8NRF24L018isTXFullEv
                0x000008a4        0xe NRF24L01.o
                0x000008a4                _ZN8NRF24L018isTXFullEv
 .text._ZN8NRF24L0111isTX_DS_SetEv
                0x000008b2        0xe NRF24L01.o
                0x000008b2                _ZN8NRF24L0111isTX_DS_SetEv
 .text._ZN8NRF24L0112isRT_Max_SetEv
                0x000008c0        0xe NRF24L01.o
                0x000008c0                _ZN8NRF24L0112isRT_Max_SetEv
 .text._ZN8NRF24L0116writeSPIRegisterEhyh
                0x000008ce       0x7e NRF24L01.o
                0x000008ce                _ZN8NRF24L0116writeSPIRegisterEhyh
 .text._ZN8NRF24L017powerONEb
                0x0000094c       0x4c NRF24L01.o
                0x0000094c                _ZN8NRF24L017powerONEb
 .text._ZN8NRF24L018testChipEv
                0x00000998       0xae NRF24L01.o
                0x00000998                _ZN8NRF24L018testChipEv
 .text._ZN8NRF24L017setModeEb
                0x00000a46       0xa0 NRF24L01.o
                0x00000a46                _ZN8NRF24L017setModeEb
 .text._ZN8NRF24L0120enableACKWithPayloadEb
                0x00000ae6       0x4c NRF24L01.o
                0x00000ae6                _ZN8NRF24L0120enableACKWithPayloadEb
 .text._ZN8NRF24L0126enableDynamicPayloadLengthEb
                0x00000b32       0x4e NRF24L01.o
                0x00000b32                _ZN8NRF24L0126enableDynamicPayloadLengthEb
 .text._ZN8NRF24L0118enableDPLForRXPipeEhb
                0x00000b80       0x7c NRF24L01.o
                0x00000b80                _ZN8NRF24L0118enableDPLForRXPipeEhb
 .text._ZN8NRF24L0110clearTX_DSEv
                0x00000bfc       0x34 NRF24L01.o
                0x00000bfc                _ZN8NRF24L0110clearTX_DSEv
 .text._ZN8NRF24L0111clearRT_MaxEv
                0x00000c30       0x34 NRF24L01.o
                0x00000c30                _ZN8NRF24L0111clearRT_MaxEv
 .text._ZN8NRF24L0113setRFDataRateEb
                0x00000c64       0x50 NRF24L01.o
                0x00000c64                _ZN8NRF24L0113setRFDataRateEb
 .text._ZN8NRF24L0110initializeEv
                0x00000cb4       0xc2 NRF24L01.o
                0x00000cb4                _ZN8NRF24L0110initializeEv
 .text._ZN8NRF24L01C2Ehhb
                0x00000d76       0x24 NRF24L01.o
                0x00000d76                _ZN8NRF24L01C2Ehhb
                0x00000d76                _ZN8NRF24L01C1Ehhb
 .text._ZN8NRF24L0119fastTransferPayloadEh
                0x00000d9a       0x76 NRF24L01.o
                0x00000d9a                _ZN8NRF24L0119fastTransferPayloadEh
 .text._ZN8NRF24L0118setTransmitAddressEy
                0x00000e10       0x34 NRF24L01.o
                0x00000e10                _ZN8NRF24L0118setTransmitAddressEy
 .text._ZN8NRF24L0117setReceiveAddressEyh
                0x00000e44       0x38 NRF24L01.o
                0x00000e44                _ZN8NRF24L0117setReceiveAddressEyh
 .text._ZN8NRF24L017flushTXEv
                0x00000e7c        0x8 NRF24L01.o
                0x00000e7c                _ZN8NRF24L017flushTXEv
 .text._ZN11SwitchClass9doNothingEh
                0x00000e84        0x2 Switch.o
                0x00000e84                _ZN11SwitchClass9doNothingEh
 .text._ZN11SwitchClass5beginEv
                0x00000e86       0x12 Switch.o
                0x00000e86                _ZN11SwitchClass5beginEv
 .text._ZN11SwitchClass11fallingEdgeEPFvhE
                0x00000e98       0x14 Switch.o
                0x00000e98                _ZN11SwitchClass11fallingEdgeEPFvhE
 .text._ZN11SwitchClass10risingEdgeEPFvhE
                0x00000eac       0x14 Switch.o
                0x00000eac                _ZN11SwitchClass10risingEdgeEPFvhE
 .text._ZN11SwitchClass18doubleWaitCompleteEv
                0x00000ec0       0x5a Switch.o
                0x00000ec0                _ZN11SwitchClass18doubleWaitCompleteEv
 .text._ZN11SwitchClass17callAllDoubleWaitEh
                0x00000f1a       0x42 Switch.o
                0x00000f1a                _ZN11SwitchClass17callAllDoubleWaitEh
 .text._ZN11SwitchClass16updatePinBuffersEv
                0x00000f5c       0x12 Switch.o
                0x00000f5c                _ZN11SwitchClass16updatePinBuffersEv
 .text._ZN11SwitchClass10pollSwitchEv
                0x00000f6e       0x48 Switch.o
                0x00000f6e                _ZN11SwitchClass10pollSwitchEv
 .text._ZN11SwitchClass16initializeSwitchEhhPS_
                0x00000fb6       0xb6 Switch.o
                0x00000fb6                _ZN11SwitchClass16initializeSwitchEhhPS_
 .text._ZN11SwitchClass18processStateChangeEv
                0x0000106c      0x132 Switch.o
                0x0000106c                _ZN11SwitchClass18processStateChangeEv
 .text._ZN11SwitchClass25callAllProcessStateChangeEv
                0x0000119e       0x32 Switch.o
                0x0000119e                _ZN11SwitchClass25callAllProcessStateChangeEv
 .text._ZN11SwitchClass16longWaitCompleteEv
                0x000011d0       0xe8 Switch.o
                0x000011d0                _ZN11SwitchClass16longWaitCompleteEv
 .text._ZN11SwitchClass20callAllOjectLongWaitEh
                0x000012b8       0x42 Switch.o
                0x000012b8                _ZN11SwitchClass20callAllOjectLongWaitEh
 .text.__vector_1
                0x000012fa       0x62 Switch.o
                0x000012fa                __vector_1
 .text.__vector_2
                0x0000135c       0x52 Switch.o
                0x0000135c                __vector_2
 .text.__vector_3
                0x000013ae       0x62 Switch.o
                0x000013ae                __vector_3
 .text.__vector_4
                0x00001410       0x62 Switch.o
                0x00001410                __vector_4
 .text.__vector_5
                0x00001472       0x62 Switch.o
                0x00001472                __vector_5
 .text._ZN10TimerClass5beginEv
                0x000014d4       0x12 Timer.o
                0x000014d4                _ZN10TimerClass5beginEv
 .text._ZN10TimerClass15initializeTimerEv
                0x000014e6       0x22 Timer.o
                0x000014e6                _ZN10TimerClass15initializeTimerEv
 .text._ZN10TimerClass15setCallBackTimeEjhPFvhE
                0x00001508       0x1c Timer.o
                0x00001508                _ZN10TimerClass15setCallBackTimeEjhPFvhE
 .text._ZN10TimerClass18resetCallbackTimerEv
                0x00001524        0xa Timer.o
                0x00001524                _ZN10TimerClass18resetCallbackTimerEv
 .text._ZN10TimerClass15getCallBackTimeEv
                0x0000152e       0x10 Timer.o
                0x0000152e                _ZN10TimerClass15getCallBackTimeEv
 .text._ZN10TimerClass7setTimeEj
                0x0000153e       0x16 Timer.o
                0x0000153e                _ZN10TimerClass7setTimeEj
 .text._ZN10TimerClass7getTimeEv
                0x00001554       0x10 Timer.o
                0x00001554                _ZN10TimerClass7getTimeEv
 .text._ZN10TimerClass10resetTimerEv
                0x00001564        0xa Timer.o
                0x00001564                _ZN10TimerClass10resetTimerEv
 .text._ZN10TimerClass11milliPassedEv
                0x0000156e       0x64 Timer.o
                0x0000156e                _ZN10TimerClass11milliPassedEv
 .text._ZN10TimerClass19callAllTimerObjectsEv
                0x000015d2       0x32 Timer.o
                0x000015d2                _ZN10TimerClass19callAllTimerObjectsEv
 .text._ZN10TimerClass10getTimerIDEv
                0x00001604        0x6 Timer.o
                0x00001604                _ZN10TimerClass10getTimerIDEv
 .text.__vector_11
                0x0000160a       0x92 Timer.o
                0x0000160a                __vector_11
 .text._Z15sensorTriggeredh
                0x0000169c       0x12 main.o
                0x0000169c                _Z15sensorTriggeredh
 .text._Z12sensorNormalh
                0x000016ae        0xe main.o
                0x000016ae                _Z12sensorNormalh
 .text._Z9timerDoneh
                0x000016bc        0xe main.o
                0x000016bc                _Z9timerDoneh
 .text._Z8runSetupv
                0x000016ca       0x2e main.o
                0x000016ca                _Z8runSetupv
 .text.main     0x000016f8      0x338 main.o
                0x000016f8                main
 .text.libgcc.div
                0x00001a30       0x1c c:/program files (x86)/atmel/studio/7.0/toolchain/avr8/avr8-gnu-toolchain/bin/../lib/gcc/avr/4.9.2/avr5\libgcc.a(_udivdi3.o)
                0x00001a30                __umoddi3
                0x00001a34                __udivdi3
                0x00001a36                __udivdi3_umoddi3
 .text.libgcc.div
                0x00001a4c       0xa2 c:/program files (x86)/atmel/studio/7.0/toolchain/avr8/avr8-gnu-toolchain/bin/../lib/gcc/avr/4.9.2/avr5\libgcc.a(_udivmod64.o)
                0x00001a4c                __udivmod64
 .text.libgcc.builtins
                0x00001aee       0x32 c:/program files (x86)/atmel/studio/7.0/toolchain/avr8/avr8-gnu-toolchain/bin/../lib/gcc/avr/4.9.2/avr5\libgcc.a(_ashldi3.o)
                0x00001aee                __ashldi3
 .text.libgcc.builtins
                0x00001b20       0x3c c:/program files (x86)/atmel/studio/7.0/toolchain/avr8/avr8-gnu-toolchain/bin/../lib/gcc/avr/4.9.2/avr5\libgcc.a(_ashrdi3.o)
                0x00001b20                __ashrdi3
                0x00001b24                __lshrdi3
 .text.libgcc   0x00001b5c       0x18 c:/program files (x86)/atmel/studio/7.0/toolchain/avr8/avr8-gnu-toolchain/bin/../lib/gcc/avr/4.9.2/avr5\libgcc.a(_adddi3_s8.o)
                0x00001b5c                __adddi3_s8
 .text.libgcc   0x00001b74       0x12 c:/program files (x86)/atmel/studio/7.0/toolchain/avr8/avr8-gnu-toolchain/bin/../lib/gcc/avr/4.9.2/avr5\libgcc.a(_cmpdi2.o)
                0x00001b74                __cmpdi2
 .text.libgcc   0x00001b86       0x18 c:/program files (x86)/atmel/studio/7.0/toolchain/avr8/avr8-gnu-toolchain/bin/../lib/gcc/avr/4.9.2/avr5\libgcc.a(_cmpdi2_s8.o)
                0x00001b86                __cmpdi2_s8
                0x00001b9e                . = ALIGN (0x2)
 *(.fini9)
 .fini9         0x00001b9e        0x0 c:/program files (x86)/atmel/studio/7.0/toolchain/avr8/avr8-gnu-toolchain/bin/../lib/gcc/avr/4.9.2/avr5\libgcc.a(_exit.o)
                0x00001b9e                _exit
                0x00001b9e                exit
 *(.fini9)
 *(.fini8)
 *(.fini8)
 *(.fini7)
 *(.fini7)
 *(.fini6)
 *(.fini6)
 *(.fini5)
 *(.fini5)
 *(.fini4)
 *(.fini4)
 *(.fini3)
 *(.fini3)
 *(.fini2)
 *(.fini2)
 *(.fini1)
 *(.fini1)
 *(.fini0)
 .fini0         0x00001b9e        0x4 c:/program files (x86)/atmel/studio/7.0/toolchain/avr8/avr8-gnu-toolchain/bin/../lib/gcc/avr/4.9.2/avr5\libgcc.a(_exit.o)
 *(.fini0)
                0x00001ba2                _etext = .

.data           0x00800100       0xac load address 0x00001ba2
                0x00800100                PROVIDE (__data_start, .)
 *(.data)
 *(.data*)
 *(.rodata)
 *(.rodata*)
 .rodata.str1.1
                0x00800100       0x5d NRF24L01.o
                                 0x67 (size before relaxing)
 .rodata.str1.1
                0x0080015d       0x4e main.o
 *(.gnu.linkonce.d*)
                0x008001ac                . = ALIGN (0x2)
 *fill*         0x008001ab        0x1 
                0x008001ac                _edata = .
                0x008001ac                PROVIDE (__data_end, .)

.bss            0x008001ac      0x113
                0x008001ac                PROVIDE (__bss_start, .)
 *(.bss)
 *(.bss*)
 .bss.AllowSleep
                0x008001ac        0x1 ATmega328P.o
                0x008001ac                AllowSleep
 .bss.cdown     0x008001ad        0x2 ATmega328P.o
                0x008001ad                cdown
 .bss.time      0x008001af        0x8 ATmega328P.o
                0x008001af                time
 .bss._ZZ16hexArrayToStringPhhE3str
                0x008001b7       0x40 Essential.o
 .bss._ZZ16hexArrayToStringPhhE1t
                0x008001f7        0x1 Essential.o
 .bss._ZZ10numToArrayyE5array
                0x008001f8        0x8 Essential.o
 .bss._ZZ11hexToStringhE5ascii
                0x00800200        0x5 Essential.o
 .bss._ZZ11hexToStringhE4temp
                0x00800205        0x1 Essential.o
 .bss._ZZN8NRF24L0119fastTransferPayloadEhE6status
                0x00800206        0x1 NRF24L01.o
 .bss._ZN11SwitchClass17PinStateChangePtrE
                0x00800207        0x2 Switch.o
                0x00800207                _ZN11SwitchClass17PinStateChangePtrE
 .bss._ZN11SwitchClass17AllFallingEdgePtrE
                0x00800209        0x2 Switch.o
                0x00800209                _ZN11SwitchClass17AllFallingEdgePtrE
 .bss._ZN11SwitchClass16AllRisingEdgePtrE
                0x0080020b        0x2 Switch.o
                0x0080020b                _ZN11SwitchClass16AllRisingEdgePtrE
 .bss._ZN11SwitchClass16AllShortPressPtrE
                0x0080020d        0x2 Switch.o
                0x0080020d                _ZN11SwitchClass16AllShortPressPtrE
 .bss._ZN11SwitchClass25AllContinuousLongPressPtrE
                0x0080020f        0x2 Switch.o
                0x0080020f                _ZN11SwitchClass25AllContinuousLongPressPtrE
 .bss._ZN11SwitchClass15AllLongPressPtrE
                0x00800211        0x2 Switch.o
                0x00800211                _ZN11SwitchClass15AllLongPressPtrE
 .bss._ZN11SwitchClass17AllDoublePressPtrE
                0x00800213        0x2 Switch.o
                0x00800213                _ZN11SwitchClass17AllDoublePressPtrE
 .bss._ZN11SwitchClass20AllContinuousLong_ENE
                0x00800215        0x1 Switch.o
                0x00800215                _ZN11SwitchClass20AllContinuousLong_ENE
 .bss._ZN11SwitchClass10AllLong_ENE
                0x00800216        0x1 Switch.o
                0x00800216                _ZN11SwitchClass10AllLong_ENE
 .bss._ZN11SwitchClass11AllShort_ENE
                0x00800217        0x1 Switch.o
                0x00800217                _ZN11SwitchClass11AllShort_ENE
 .bss._ZN11SwitchClass13AllSamePtr_ENE
                0x00800218        0x1 Switch.o
                0x00800218                _ZN11SwitchClass13AllSamePtr_ENE
 .bss._ZN11SwitchClass9PinBufferE
                0x00800219        0x3 Switch.o
                0x00800219                _ZN11SwitchClass9PinBufferE
 .bss._ZN11SwitchClass11SwitchStateE
                0x0080021c        0x1 Switch.o
                0x0080021c                _ZN11SwitchClass11SwitchStateE
 .bss._ZN11SwitchClass1iE
                0x0080021d        0x1 Switch.o
                0x0080021d                _ZN11SwitchClass1iE
 .bss._ZN11SwitchClass4SptrE
                0x0080021e        0xc Switch.o
                0x0080021e                _ZN11SwitchClass4SptrE
 .bss._ZN10TimerClass1iE
                0x0080022a        0x1 Timer.o
                0x0080022a                _ZN10TimerClass1iE
 .bss._ZN10TimerClass4TimeE
                0x0080022b        0x8 Timer.o
                0x0080022b                _ZN10TimerClass4TimeE
 .bss._ZN10TimerClass6TimersE
                0x00800233       0x3c Timer.o
                0x00800233                _ZN10TimerClass6TimersE
 .bss.S1        0x0080026f       0x30 main.o
                0x0080026f                S1
 .bss.Timer2    0x0080029f        0xe main.o
                0x0080029f                Timer2
 .bss.Timer1    0x008002ad        0xe main.o
                0x008002ad                Timer1
 .bss.NormalFlag
                0x008002bb        0x1 main.o
                0x008002bb                NormalFlag
 .bss.TimeOut   0x008002bc        0x1 main.o
                0x008002bc                TimeOut
 .bss.TriggeredFlag
                0x008002bd        0x1 main.o
                0x008002bd                TriggeredFlag
 .bss.SwitchID  0x008002be        0x1 main.o
                0x008002be                SwitchID
 *(COMMON)
                0x008002bf                PROVIDE (__bss_end, .)
                0x00001ba2                __data_load_start = LOADADDR (.data)
                0x00001c4e                __data_load_end = (__data_load_start + SIZEOF (.data))

.noinit         0x008002bf        0x0
                [!provide]                PROVIDE (__noinit_start, .)
 *(.noinit*)
                [!provide]                PROVIDE (__noinit_end, .)
                0x008002bf                _end = .
                [!provide]                PROVIDE (__heap_start, .)

.eeprom         0x00810000        0x0
 *(.eeprom*)
                0x00810000                __eeprom_end = .

.fuse
 *(.fuse)
 *(.lfuse)
 *(.hfuse)
 *(.efuse)

.lock
 *(.lock*)

.signature
 *(.signature*)

.user_signatures
 *(.user_signatures*)

.stab
 *(.stab)

.stabstr
 *(.stabstr)

.stab.excl
 *(.stab.excl)

.stab.exclstr
 *(.stab.exclstr)

.stab.index
 *(.stab.index)

.stab.indexstr
 *(.stab.indexstr)

.comment        0x00000000       0x30
 *(.comment)
 .comment       0x00000000       0x30 ATmega328P.o
                                 0x31 (size before relaxing)
 .comment       0x00000030       0x31 Essential.o
 .comment       0x00000030       0x31 NRF24L01.o
 .comment       0x00000030       0x31 Switch.o
 .comment       0x00000030       0x31 Timer.o
 .comment       0x00000030       0x31 main.o

.note.gnu.avr.deviceinfo
                0x00000000       0x40
 .note.gnu.avr.deviceinfo
                0x00000000       0x40 C:/Program Files (x86)/Atmel/Studio/7.0/Packs/atmel/ATmega_DFP/1.1.130/gcc/dev/atmega328p/avr5/crtatmega328p.o

.note.gnu.build-id
 *(.note.gnu.build-id)

.debug
 *(.debug)

.line
 *(.line)

.debug_srcinfo
 *(.debug_srcinfo)

.debug_sfnames
 *(.debug_sfnames)

.debug_aranges  0x00000000      0x5a8
 *(.debug_aranges)
 .debug_aranges
                0x00000000      0x200 ATmega328P.o
 .debug_aranges
                0x00000200       0x98 Essential.o
 .debug_aranges
                0x00000298      0x158 NRF24L01.o
 .debug_aranges
                0x000003f0       0xf8 Switch.o
 .debug_aranges
                0x000004e8       0x80 Timer.o
 .debug_aranges
                0x00000568       0x40 main.o

.debug_pubnames
 *(.debug_pubnames)

.debug_info     0x00000000     0x700a
 *(.debug_info .gnu.linkonce.wi.*)
 .debug_info    0x00000000      0x5f4 C:/Program Files (x86)/Atmel/Studio/7.0/Packs/atmel/ATmega_DFP/1.1.130/gcc/dev/atmega328p/avr5/crtatmega328p.o
 .debug_info    0x000005f4      0xed7 ATmega328P.o
 .debug_info    0x000014cb      0x941 Essential.o
 .debug_info    0x00001e0c     0x1ff0 NRF24L01.o
 .debug_info    0x00003dfc     0x1374 Switch.o
 .debug_info    0x00005170      0x5d3 Timer.o
 .debug_info    0x00005743     0x18c7 main.o

.debug_abbrev   0x00000000     0x1628
 *(.debug_abbrev)
 .debug_abbrev  0x00000000      0x5a2 C:/Program Files (x86)/Atmel/Studio/7.0/Packs/atmel/ATmega_DFP/1.1.130/gcc/dev/atmega328p/avr5/crtatmega328p.o
 .debug_abbrev  0x000005a2      0x33d ATmega328P.o
 .debug_abbrev  0x000008df      0x207 Essential.o
 .debug_abbrev  0x00000ae6      0x32a NRF24L01.o
 .debug_abbrev  0x00000e10      0x320 Switch.o
 .debug_abbrev  0x00001130      0x23c Timer.o
 .debug_abbrev  0x0000136c      0x2bc main.o

.debug_line     0x00000000     0x2e66
 *(.debug_line .debug_line.* .debug_line_end)
 .debug_line    0x00000000      0x133 C:/Program Files (x86)/Atmel/Studio/7.0/Packs/atmel/ATmega_DFP/1.1.130/gcc/dev/atmega328p/avr5/crtatmega328p.o
 .debug_line    0x00000133      0xedb ATmega328P.o
 .debug_line    0x0000100e      0x48d Essential.o
 .debug_line    0x0000149b      0xaa7 NRF24L01.o
 .debug_line    0x00001f42      0x7ec Switch.o
 .debug_line    0x0000272e      0x303 Timer.o
 .debug_line    0x00002a31      0x435 main.o

.debug_frame    0x00000000     0x12f4
 *(.debug_frame)
 .debug_frame   0x00000000      0x428 ATmega328P.o
 .debug_frame   0x00000428      0x2d4 Essential.o
 .debug_frame   0x000006fc      0x6a4 NRF24L01.o
 .debug_frame   0x00000da0      0x3a0 Switch.o
 .debug_frame   0x00001140      0x140 Timer.o
 .debug_frame   0x00001280       0x74 main.o

.debug_str      0x00000000     0x2461
 *(.debug_str)
 .debug_str     0x00000000      0x208 C:/Program Files (x86)/Atmel/Studio/7.0/Packs/atmel/ATmega_DFP/1.1.130/gcc/dev/atmega328p/avr5/crtatmega328p.o
 .debug_str     0x00000208      0xa49 ATmega328P.o
                                0xa8d (size before relaxing)
 .debug_str     0x00000c51      0x271 Essential.o
                                0x48c (size before relaxing)
 .debug_str     0x00000ec2      0x7f7 NRF24L01.o
                                0xb14 (size before relaxing)
 .debug_str     0x000016b9      0xc65 Switch.o
                                0xfa6 (size before relaxing)
 .debug_str     0x0000231e       0x7a Timer.o
                                0x53f (size before relaxing)
 .debug_str     0x00002398       0xc9 main.o
                               0x157d (size before relaxing)

.debug_loc      0x00000000     0x4182
 *(.debug_loc)
 .debug_loc     0x00000000      0xbd7 ATmega328P.o
 .debug_loc     0x00000bd7      0xe31 Essential.o
 .debug_loc     0x00001a08     0x1b99 NRF24L01.o
 .debug_loc     0x000035a1      0x7f8 Switch.o
 .debug_loc     0x00003d99      0x2e8 Timer.o
 .debug_loc     0x00004081      0x101 main.o

.debug_macinfo
 *(.debug_macinfo)

.debug_weaknames
 *(.debug_weaknames)

.debug_funcnames
 *(.debug_funcnames)

.debug_typenames
 *(.debug_typenames)

.debug_varnames
 *(.debug_varnames)

.debug_pubtypes
 *(.debug_pubtypes)

.debug_ranges   0x00000000      0x560
 *(.debug_ranges)
 .debug_ranges  0x00000000      0x1f0 ATmega328P.o
 .debug_ranges  0x000001f0       0xa0 Essential.o
 .debug_ranges  0x00000290      0x148 NRF24L01.o
 .debug_ranges  0x000003d8       0xe8 Switch.o
 .debug_ranges  0x000004c0       0x70 Timer.o
 .debug_ranges  0x00000530       0x30 main.o

.debug_macro
 *(.debug_macro)
OUTPUT(ATmega328P_inConard_Sensor.elf elf32-avr)
LOAD linker stubs
