Archive member included to satisfy reference by file (symbol)

c:/program files (x86)/atmel/studio/7.0/toolchain/avr8/avr8-gnu-toolchain/bin/../lib/gcc/avr/4.9.2/avr5\libgcc.a(_exit.o)
                              C:/Program Files (x86)/Atmel/Studio/7.0/Packs/atmel/ATmega_DFP/1.1.130/gcc/dev/atmega328p/avr5/crtatmega328p.o (exit)
c:/program files (x86)/atmel/studio/7.0/toolchain/avr8/avr8-gnu-toolchain/bin/../lib/gcc/avr/4.9.2/avr5\libgcc.a(_copy_data.o)
                              ATmega328P.o (__do_copy_data)
c:/program files (x86)/atmel/studio/7.0/toolchain/avr8/avr8-gnu-toolchain/bin/../lib/gcc/avr/4.9.2/avr5\libgcc.a(_clear_bss.o)
                              ATmega328P.o (__do_clear_bss)
c:/program files (x86)/atmel/studio/7.0/toolchain/avr8/avr8-gnu-toolchain/bin/../lib/gcc/avr/4.9.2/avr5\libgcc.a(_umulhisi3.o)
                              Essential.o (__umulhisi3)
c:/program files (x86)/atmel/studio/7.0/toolchain/avr8/avr8-gnu-toolchain/bin/../lib/gcc/avr/4.9.2/avr5\libgcc.a(_muluhisi3.o)
                              Essential.o (__muluhisi3)
c:/program files (x86)/atmel/studio/7.0/toolchain/avr8/avr8-gnu-toolchain/bin/../lib/gcc/avr/4.9.2/avr5\libgcc.a(_udivdi3.o)
                              Essential.o (__umoddi3)
c:/program files (x86)/atmel/studio/7.0/toolchain/avr8/avr8-gnu-toolchain/bin/../lib/gcc/avr/4.9.2/avr5\libgcc.a(_udivmod64.o)
                              c:/program files (x86)/atmel/studio/7.0/toolchain/avr8/avr8-gnu-toolchain/bin/../lib/gcc/avr/4.9.2/avr5\libgcc.a(_udivdi3.o) (__udivmod64)
c:/program files (x86)/atmel/studio/7.0/toolchain/avr8/avr8-gnu-toolchain/bin/../lib/gcc/avr/4.9.2/avr5\libgcc.a(_ashldi3.o)
                              NRF24L01.o (__ashldi3)
c:/program files (x86)/atmel/studio/7.0/toolchain/avr8/avr8-gnu-toolchain/bin/../lib/gcc/avr/4.9.2/avr5\libgcc.a(_ashrdi3.o)
                              Essential.o (__lshrdi3)
c:/program files (x86)/atmel/studio/7.0/toolchain/avr8/avr8-gnu-toolchain/bin/../lib/gcc/avr/4.9.2/avr5\libgcc.a(_adddi3_s8.o)
                              ATmega328P.o (__adddi3_s8)
c:/program files (x86)/atmel/studio/7.0/toolchain/avr8/avr8-gnu-toolchain/bin/../lib/gcc/avr/4.9.2/avr5\libgcc.a(_cmpdi2.o)
                              NRF24L01.o (__cmpdi2)
c:/program files (x86)/atmel/studio/7.0/toolchain/avr8/avr8-gnu-toolchain/bin/../lib/gcc/avr/4.9.2/avr5\libgcc.a(_cmpdi2_s8.o)
                              Essential.o (__cmpdi2_s8)

Discarded input sections

 .data          0x00000000        0x0 C:/Program Files (x86)/Atmel/Studio/7.0/Packs/atmel/ATmega_DFP/1.1.130/gcc/dev/atmega328p/avr5/crtatmega328p.o
 .bss           0x00000000        0x0 C:/Program Files (x86)/Atmel/Studio/7.0/Packs/atmel/ATmega_DFP/1.1.130/gcc/dev/atmega328p/avr5/crtatmega328p.o
 .text          0x00000000        0x0 ATmega328P.o
 .data          0x00000000        0x0 ATmega328P.o
 .bss           0x00000000        0x0 ATmega328P.o
 .text._Z15getReadyToSleepv
                0x00000000        0x8 ATmega328P.o
 .text._Z12sleepAllowedv
                0x00000000        0x6 ATmega328P.o
 .text._Z11Init_PWM_T0h
                0x00000000       0x14 ATmega328P.o
 .text._Z16stop_OC0A_OUTPUTv
                0x00000000        0x8 ATmega328P.o
 .text._Z17start_OC0A_OUTPUTv
                0x00000000        0x8 ATmega328P.o
 .text._Z16stop_OC0B_OUTPUTv
                0x00000000        0x8 ATmega328P.o
 .text._Z17start_OC0B_OUTPUTv
                0x00000000        0x8 ATmega328P.o
 .text._Z11Init_PWM_T1h
                0x00000000       0x14 ATmega328P.o
 .text._Z11Init_PWM_T2h
                0x00000000       0x18 ATmega328P.o
 .text._Z11Init_CTC_T2hh
                0x00000000       0x1a ATmega328P.o
 .text._Z9init_INT0h
                0x00000000       0x16 ATmega328P.o
 .text._Z9init_INT1h
                0x00000000       0x1a ATmega328P.o
 .text._Z21setPinChangeInterrupthhb
                0x00000000       0x6e ATmega328P.o
 .text._Z13USART_Receivev
                0x00000000       0x10 ATmega328P.o
 .text._Z12USART_Enableb
                0x00000000       0x18 ATmega328P.o
 .text._Z5printPKc
                0x00000000       0x1e ATmega328P.o
 .rodata.str1.1
                0x00000000       0x15 ATmega328P.o
 .text._Z18Init_CTC_T2_ExtOschh
                0x00000000       0x94 ATmega328P.o
 .text._Z9enableADCb
                0x00000000       0x1c ATmega328P.o
 .text._Z8ADC_Inithh
                0x00000000        0xa ATmega328P.o
 .text._Z19ADC_ChangeChannelToh
                0x00000000       0x14 ATmega328P.o
 .text._Z8ADC_Readv
                0x00000000       0x1e ATmega328P.o
 .text._Z15ADC_ReadChannelh
                0x00000000       0x2c ATmega328P.o
 .text._Z9ADC_Startv
                0x00000000        0xc ATmega328P.o
 .text._Z10ADC_Finishv
                0x00000000        0xc ATmega328P.o
 .text._Z8I2C_Inithh
                0x00000000       0x12 ATmega328P.o
 .text._Z9enableI2Cb
                0x00000000       0x1c ATmega328P.o
 .text._Z9I2C_Errorh
                0x00000000       0x40 ATmega328P.o
 .text._Z9isI2CGoodv
                0x00000000        0x6 ATmega328P.o
 .text._Z12isI2CPoweredv
                0x00000000        0x6 ATmega328P.o
 .text._Z13powerCycleI2Cv
                0x00000000        0x6 ATmega328P.o
 .text._Z15initI2CCompleteb
                0x00000000        0x6 ATmega328P.o
 .text._Z16isI2CInitializedv
                0x00000000        0x6 ATmega328P.o
 .text._Z8I2C_Readhh
                0x00000000      0x232 ATmega328P.o
 .text._Z9I2C_Writehhh
                0x00000000      0x19a ATmega328P.o
 .text._Z16I2C_WriteCommandhh
                0x00000000       0xf6 ATmega328P.o
 .text._Z7WDT_offv
                0x00000000       0x16 ATmega328P.o
 .text._Z8WDT_Initv
                0x00000000       0x20 ATmega328P.o
 .text._Z20WDT_Prescaler_Changev
                0x00000000       0x1c ATmega328P.o
 .text._Z20setLEDIndicatorCountj
                0x00000000        0xa ATmega328P.o
 .text._Z16stopLEDIndicatorv
                0x00000000       0x1a ATmega328P.o
 .text._Z17startLEDIndicatorv
                0x00000000       0x16 ATmega328P.o
 .text._Z12setCountDownj
                0x00000000        0x2 ATmega328P.o
 .text._Z12getCountDownv
                0x00000000        0xa ATmega328P.o
 .text._Z12powerDownForh
                0x00000000       0x44 ATmega328P.o
 .text._Z7resetInh
                0x00000000       0x28 ATmega328P.o
 .bss.I2C_InitComplete
                0x00000000        0x1 ATmega328P.o
 .bss.I2CPower  0x00000000        0x1 ATmega328P.o
 .data.I2C_OK   0x00000000        0x1 ATmega328P.o
 .bss.I2C_FailCount
                0x00000000        0x2 ATmega328P.o
 .data.CountD   0x00000000        0x2 ATmega328P.o
 .bss.lcount    0x00000000        0x2 ATmega328P.o
 .text          0x00000000        0x0 Essential.o
 .data          0x00000000        0x0 Essential.o
 .bss           0x00000000        0x0 Essential.o
 .text._Z9charToHexPc
                0x00000000       0x26 Essential.o
 .text._Z17printSignedNumberi
                0x00000000       0x48 Essential.o
 .text._Z12printNumberAy
                0x00000000      0x138 Essential.o
 .text._Z20printNumberWithPointyh
                0x00000000      0x148 Essential.o
 .text._Z12hexToDecimalj
                0x00000000       0xc6 Essential.o
 .text._Z13printStringNLPc
                0x00000000       0x24 Essential.o
 .text._Z9printCharh
                0x00000000        0x6 Essential.o
 .bss.FlowCheckFlag
                0x00000000        0x1 Essential.o
 .text          0x00000000        0x0 NRF24L01.o
 .data          0x00000000        0x0 NRF24L01.o
 .bss           0x00000000        0x0 NRF24L01.o
 .text._ZN8NRF24L0111writeToFIFOEPVh
                0x00000000       0x44 NRF24L01.o
 .text._ZN8NRF24L0112readFIFObyteEv
                0x00000000       0x10 NRF24L01.o
 .text._ZN8NRF24L0113writeFIFObyteEh
                0x00000000       0x24 NRF24L01.o
 .text._ZN8NRF24L018isTXFullEv
                0x00000000        0xe NRF24L01.o
 .text._ZN8NRF24L018isRXFullEv
                0x00000000        0xe NRF24L01.o
 .text._ZN8NRF24L019isTXEmptyEv
                0x00000000        0xe NRF24L01.o
 .text._ZN8NRF24L019isRXEmptyEv
                0x00000000        0xe NRF24L01.o
 .text._ZN8NRF24L0111isTX_DS_SetEv
                0x00000000        0xe NRF24L01.o
 .text._ZN8NRF24L0114readACKPayloadEPVh
                0x00000000       0x7c NRF24L01.o
 .text._ZN8NRF24L0115transmitPayloadEPVh
                0x00000000      0x2c8 NRF24L01.o
 .text._ZN8NRF24L0119fastTransferPayloadEh
                0x00000000       0x76 NRF24L01.o
 .text._ZN8NRF24L01C2Ehb
                0x00000000        0xc NRF24L01.o
 .text._ZN8NRF24L017flushTXEv
                0x00000000        0x8 NRF24L01.o
 .text._ZN8NRF24L0115writeACKPayloadEPVh
                0x00000000       0x86 NRF24L01.o
 .text._ZN8NRF24L017flushRXEv
                0x00000000        0x8 NRF24L01.o
 .text._ZN8NRF24L018readFIFOEPVh
                0x00000000       0x8c NRF24L01.o
 .bss._ZZN8NRF24L0111writeToFIFOEPVhE1i
                0x00000000        0x1 NRF24L01.o
 .bss._ZZN8NRF24L0119fastTransferPayloadEhE6status
                0x00000000        0x1 NRF24L01.o
 .progmem.data._ZZN8NRF24L0115transmitPayloadEPVhE3__c_0
                0x00000000       0x37 NRF24L01.o
 .bss._ZZN8NRF24L0115transmitPayloadEPVhE7recount
                0x00000000        0x1 NRF24L01.o
 .bss._ZZN8NRF24L0115transmitPayloadEPVhE12packetInFIFO
                0x00000000        0x1 NRF24L01.o
 .progmem.data._ZZN8NRF24L0115transmitPayloadEPVhE3__c
                0x00000000       0x1d NRF24L01.o
 .bss._ZZN8NRF24L0115transmitPayloadEPVhE7fstatus
                0x00000000        0x1 NRF24L01.o
 .bss._ZZN8NRF24L0115transmitPayloadEPVhE6status
                0x00000000        0x1 NRF24L01.o
 .data._ZZN8NRF24L0115transmitPayloadEPVhE8linklost
                0x00000000        0x1 NRF24L01.o
 .bss._ZZN8NRF24L0115transmitPayloadEPVhE6dcount
                0x00000000        0x2 NRF24L01.o
 .bss._ZZN8NRF24L0115transmitPayloadEPVhE6pcount
                0x00000000        0x2 NRF24L01.o
 .bss._ZZN8NRF24L0115transmitPayloadEPVhE1t
                0x00000000        0x2 NRF24L01.o
 .bss._ZZN8NRF24L0115writeACKPayloadEPVhE1i
                0x00000000        0x1 NRF24L01.o
 .text          0x00000000        0x0 Switch.o
 .data          0x00000000        0x0 Switch.o
 .bss           0x00000000        0x0 Switch.o
 .text._ZN11SwitchClass11getSwitchIDEv
                0x00000000        0x6 Switch.o
 .text._ZN11SwitchClass11fallingEdgeEPFvhE
                0x00000000       0x10 Switch.o
 .text._ZN11SwitchClass10risingEdgeEPFvhE
                0x00000000       0x10 Switch.o
 .text._ZN11SwitchClass10shortPressEPFvhE
                0x00000000       0x14 Switch.o
 .text._ZN11SwitchClass9longPressEPFvhE
                0x00000000       0x14 Switch.o
 .text._ZN11SwitchClass19continuousLongPressEPFvhE
                0x00000000       0x14 Switch.o
 .text._ZN11SwitchClass11doublePressEPFvhE
                0x00000000       0x14 Switch.o
 .text._ZN11SwitchClass17detectDoublePressEv
                0x00000000        0x2 Switch.o
 .text._ZN11SwitchClass15pollAllSwitchesEv
                0x00000000        0x2 Switch.o
 .text._ZN11SwitchClass17enableSamePtrModeEb
                0x00000000       0x16 Switch.o
 .text._ZN11SwitchClass16initializeSwitchEhhPS_
                0x00000000       0xb0 Switch.o
 .text._ZN11SwitchClass15pinStateChangedEv
                0x00000000        0x6 Switch.o
 .bss._ZN11SwitchClass17AllFallingEdgePtrE
                0x00000000        0x2 Switch.o
 .bss._ZN11SwitchClass16AllRisingEdgePtrE
                0x00000000        0x2 Switch.o
 .bss._ZN11SwitchClass12AllDouble_ENE
                0x00000000        0x1 Switch.o
 .bss._ZN11SwitchClass13NotFirstSpawnE
                0x00000000        0x1 Switch.o
 .bss.Switch    0x00000000       0x2e Switch.o
 .text          0x00000000        0x0 Timer.o
 .data          0x00000000        0x0 Timer.o
 .bss           0x00000000        0x0 Timer.o
 .text._ZN10TimerClass6millisEv
                0x00000000       0x22 Timer.o
 .text._ZN10TimerClass10getTimerIDEv
                0x00000000        0x6 Timer.o
 .bss.Timer     0x00000000        0xe Timer.o
 .text          0x00000000        0x0 main.o
 .data          0x00000000        0x0 main.o
 .bss           0x00000000        0x0 main.o
 .text          0x00000000        0x0 c:/program files (x86)/atmel/studio/7.0/toolchain/avr8/avr8-gnu-toolchain/bin/../lib/gcc/avr/4.9.2/avr5\libgcc.a(_exit.o)
 .data          0x00000000        0x0 c:/program files (x86)/atmel/studio/7.0/toolchain/avr8/avr8-gnu-toolchain/bin/../lib/gcc/avr/4.9.2/avr5\libgcc.a(_exit.o)
 .bss           0x00000000        0x0 c:/program files (x86)/atmel/studio/7.0/toolchain/avr8/avr8-gnu-toolchain/bin/../lib/gcc/avr/4.9.2/avr5\libgcc.a(_exit.o)
 .text.libgcc.mul
                0x00000000        0x0 c:/program files (x86)/atmel/studio/7.0/toolchain/avr8/avr8-gnu-toolchain/bin/../lib/gcc/avr/4.9.2/avr5\libgcc.a(_exit.o)
 .text.libgcc.div
                0x00000000        0x0 c:/program files (x86)/atmel/studio/7.0/toolchain/avr8/avr8-gnu-toolchain/bin/../lib/gcc/avr/4.9.2/avr5\libgcc.a(_exit.o)
 .text.libgcc   0x00000000        0x0 c:/program files (x86)/atmel/studio/7.0/toolchain/avr8/avr8-gnu-toolchain/bin/../lib/gcc/avr/4.9.2/avr5\libgcc.a(_exit.o)
 .text.libgcc.prologue
                0x00000000        0x0 c:/program files (x86)/atmel/studio/7.0/toolchain/avr8/avr8-gnu-toolchain/bin/../lib/gcc/avr/4.9.2/avr5\libgcc.a(_exit.o)
 .text.libgcc.builtins
                0x00000000        0x0 c:/program files (x86)/atmel/studio/7.0/toolchain/avr8/avr8-gnu-toolchain/bin/../lib/gcc/avr/4.9.2/avr5\libgcc.a(_exit.o)
 .text.libgcc.fmul
                0x00000000        0x0 c:/program files (x86)/atmel/studio/7.0/toolchain/avr8/avr8-gnu-toolchain/bin/../lib/gcc/avr/4.9.2/avr5\libgcc.a(_exit.o)
 .text.libgcc.fixed
                0x00000000        0x0 c:/program files (x86)/atmel/studio/7.0/toolchain/avr8/avr8-gnu-toolchain/bin/../lib/gcc/avr/4.9.2/avr5\libgcc.a(_exit.o)
 .text          0x00000000        0x0 c:/program files (x86)/atmel/studio/7.0/toolchain/avr8/avr8-gnu-toolchain/bin/../lib/gcc/avr/4.9.2/avr5\libgcc.a(_copy_data.o)
 .data          0x00000000        0x0 c:/program files (x86)/atmel/studio/7.0/toolchain/avr8/avr8-gnu-toolchain/bin/../lib/gcc/avr/4.9.2/avr5\libgcc.a(_copy_data.o)
 .bss           0x00000000        0x0 c:/program files (x86)/atmel/studio/7.0/toolchain/avr8/avr8-gnu-toolchain/bin/../lib/gcc/avr/4.9.2/avr5\libgcc.a(_copy_data.o)
 .text.libgcc.mul
                0x00000000        0x0 c:/program files (x86)/atmel/studio/7.0/toolchain/avr8/avr8-gnu-toolchain/bin/../lib/gcc/avr/4.9.2/avr5\libgcc.a(_copy_data.o)
 .text.libgcc.div
                0x00000000        0x0 c:/program files (x86)/atmel/studio/7.0/toolchain/avr8/avr8-gnu-toolchain/bin/../lib/gcc/avr/4.9.2/avr5\libgcc.a(_copy_data.o)
 .text.libgcc   0x00000000        0x0 c:/program files (x86)/atmel/studio/7.0/toolchain/avr8/avr8-gnu-toolchain/bin/../lib/gcc/avr/4.9.2/avr5\libgcc.a(_copy_data.o)
 .text.libgcc.prologue
                0x00000000        0x0 c:/program files (x86)/atmel/studio/7.0/toolchain/avr8/avr8-gnu-toolchain/bin/../lib/gcc/avr/4.9.2/avr5\libgcc.a(_copy_data.o)
 .text.libgcc.builtins
                0x00000000        0x0 c:/program files (x86)/atmel/studio/7.0/toolchain/avr8/avr8-gnu-toolchain/bin/../lib/gcc/avr/4.9.2/avr5\libgcc.a(_copy_data.o)
 .text.libgcc.fmul
                0x00000000        0x0 c:/program files (x86)/atmel/studio/7.0/toolchain/avr8/avr8-gnu-toolchain/bin/../lib/gcc/avr/4.9.2/avr5\libgcc.a(_copy_data.o)
 .text.libgcc.fixed
                0x00000000        0x0 c:/program files (x86)/atmel/studio/7.0/toolchain/avr8/avr8-gnu-toolchain/bin/../lib/gcc/avr/4.9.2/avr5\libgcc.a(_copy_data.o)
 .text          0x00000000        0x0 c:/program files (x86)/atmel/studio/7.0/toolchain/avr8/avr8-gnu-toolchain/bin/../lib/gcc/avr/4.9.2/avr5\libgcc.a(_clear_bss.o)
 .data          0x00000000        0x0 c:/program files (x86)/atmel/studio/7.0/toolchain/avr8/avr8-gnu-toolchain/bin/../lib/gcc/avr/4.9.2/avr5\libgcc.a(_clear_bss.o)
 .bss           0x00000000        0x0 c:/program files (x86)/atmel/studio/7.0/toolchain/avr8/avr8-gnu-toolchain/bin/../lib/gcc/avr/4.9.2/avr5\libgcc.a(_clear_bss.o)
 .text.libgcc.mul
                0x00000000        0x0 c:/program files (x86)/atmel/studio/7.0/toolchain/avr8/avr8-gnu-toolchain/bin/../lib/gcc/avr/4.9.2/avr5\libgcc.a(_clear_bss.o)
 .text.libgcc.div
                0x00000000        0x0 c:/program files (x86)/atmel/studio/7.0/toolchain/avr8/avr8-gnu-toolchain/bin/../lib/gcc/avr/4.9.2/avr5\libgcc.a(_clear_bss.o)
 .text.libgcc   0x00000000        0x0 c:/program files (x86)/atmel/studio/7.0/toolchain/avr8/avr8-gnu-toolchain/bin/../lib/gcc/avr/4.9.2/avr5\libgcc.a(_clear_bss.o)
 .text.libgcc.prologue
                0x00000000        0x0 c:/program files (x86)/atmel/studio/7.0/toolchain/avr8/avr8-gnu-toolchain/bin/../lib/gcc/avr/4.9.2/avr5\libgcc.a(_clear_bss.o)
 .text.libgcc.builtins
                0x00000000        0x0 c:/program files (x86)/atmel/studio/7.0/toolchain/avr8/avr8-gnu-toolchain/bin/../lib/gcc/avr/4.9.2/avr5\libgcc.a(_clear_bss.o)
 .text.libgcc.fmul
                0x00000000        0x0 c:/program files (x86)/atmel/studio/7.0/toolchain/avr8/avr8-gnu-toolchain/bin/../lib/gcc/avr/4.9.2/avr5\libgcc.a(_clear_bss.o)
 .text.libgcc.fixed
                0x00000000        0x0 c:/program files (x86)/atmel/studio/7.0/toolchain/avr8/avr8-gnu-toolchain/bin/../lib/gcc/avr/4.9.2/avr5\libgcc.a(_clear_bss.o)
 .text          0x00000000        0x0 c:/program files (x86)/atmel/studio/7.0/toolchain/avr8/avr8-gnu-toolchain/bin/../lib/gcc/avr/4.9.2/avr5\libgcc.a(_umulhisi3.o)
 .data          0x00000000        0x0 c:/program files (x86)/atmel/studio/7.0/toolchain/avr8/avr8-gnu-toolchain/bin/../lib/gcc/avr/4.9.2/avr5\libgcc.a(_umulhisi3.o)
 .bss           0x00000000        0x0 c:/program files (x86)/atmel/studio/7.0/toolchain/avr8/avr8-gnu-toolchain/bin/../lib/gcc/avr/4.9.2/avr5\libgcc.a(_umulhisi3.o)
 .text.libgcc.mul
                0x00000000       0x1e c:/program files (x86)/atmel/studio/7.0/toolchain/avr8/avr8-gnu-toolchain/bin/../lib/gcc/avr/4.9.2/avr5\libgcc.a(_umulhisi3.o)
 .text.libgcc.div
                0x00000000        0x0 c:/program files (x86)/atmel/studio/7.0/toolchain/avr8/avr8-gnu-toolchain/bin/../lib/gcc/avr/4.9.2/avr5\libgcc.a(_umulhisi3.o)
 .text.libgcc   0x00000000        0x0 c:/program files (x86)/atmel/studio/7.0/toolchain/avr8/avr8-gnu-toolchain/bin/../lib/gcc/avr/4.9.2/avr5\libgcc.a(_umulhisi3.o)
 .text.libgcc.prologue
                0x00000000        0x0 c:/program files (x86)/atmel/studio/7.0/toolchain/avr8/avr8-gnu-toolchain/bin/../lib/gcc/avr/4.9.2/avr5\libgcc.a(_umulhisi3.o)
 .text.libgcc.builtins
                0x00000000        0x0 c:/program files (x86)/atmel/studio/7.0/toolchain/avr8/avr8-gnu-toolchain/bin/../lib/gcc/avr/4.9.2/avr5\libgcc.a(_umulhisi3.o)
 .text.libgcc.fmul
                0x00000000        0x0 c:/program files (x86)/atmel/studio/7.0/toolchain/avr8/avr8-gnu-toolchain/bin/../lib/gcc/avr/4.9.2/avr5\libgcc.a(_umulhisi3.o)
 .text.libgcc.fixed
                0x00000000        0x0 c:/program files (x86)/atmel/studio/7.0/toolchain/avr8/avr8-gnu-toolchain/bin/../lib/gcc/avr/4.9.2/avr5\libgcc.a(_umulhisi3.o)
 .text          0x00000000        0x0 c:/program files (x86)/atmel/studio/7.0/toolchain/avr8/avr8-gnu-toolchain/bin/../lib/gcc/avr/4.9.2/avr5\libgcc.a(_muluhisi3.o)
 .data          0x00000000        0x0 c:/program files (x86)/atmel/studio/7.0/toolchain/avr8/avr8-gnu-toolchain/bin/../lib/gcc/avr/4.9.2/avr5\libgcc.a(_muluhisi3.o)
 .bss           0x00000000        0x0 c:/program files (x86)/atmel/studio/7.0/toolchain/avr8/avr8-gnu-toolchain/bin/../lib/gcc/avr/4.9.2/avr5\libgcc.a(_muluhisi3.o)
 .text.libgcc.mul
                0x00000000       0x16 c:/program files (x86)/atmel/studio/7.0/toolchain/avr8/avr8-gnu-toolchain/bin/../lib/gcc/avr/4.9.2/avr5\libgcc.a(_muluhisi3.o)
 .text.libgcc.div
                0x00000000        0x0 c:/program files (x86)/atmel/studio/7.0/toolchain/avr8/avr8-gnu-toolchain/bin/../lib/gcc/avr/4.9.2/avr5\libgcc.a(_muluhisi3.o)
 .text.libgcc   0x00000000        0x0 c:/program files (x86)/atmel/studio/7.0/toolchain/avr8/avr8-gnu-toolchain/bin/../lib/gcc/avr/4.9.2/avr5\libgcc.a(_muluhisi3.o)
 .text.libgcc.prologue
                0x00000000        0x0 c:/program files (x86)/atmel/studio/7.0/toolchain/avr8/avr8-gnu-toolchain/bin/../lib/gcc/avr/4.9.2/avr5\libgcc.a(_muluhisi3.o)
 .text.libgcc.builtins
                0x00000000        0x0 c:/program files (x86)/atmel/studio/7.0/toolchain/avr8/avr8-gnu-toolchain/bin/../lib/gcc/avr/4.9.2/avr5\libgcc.a(_muluhisi3.o)
 .text.libgcc.fmul
                0x00000000        0x0 c:/program files (x86)/atmel/studio/7.0/toolchain/avr8/avr8-gnu-toolchain/bin/../lib/gcc/avr/4.9.2/avr5\libgcc.a(_muluhisi3.o)
 .text.libgcc.fixed
                0x00000000        0x0 c:/program files (x86)/atmel/studio/7.0/toolchain/avr8/avr8-gnu-toolchain/bin/../lib/gcc/avr/4.9.2/avr5\libgcc.a(_muluhisi3.o)
 .text          0x00000000        0x0 c:/program files (x86)/atmel/studio/7.0/toolchain/avr8/avr8-gnu-toolchain/bin/../lib/gcc/avr/4.9.2/avr5\libgcc.a(_udivdi3.o)
 .data          0x00000000        0x0 c:/program files (x86)/atmel/studio/7.0/toolchain/avr8/avr8-gnu-toolchain/bin/../lib/gcc/avr/4.9.2/avr5\libgcc.a(_udivdi3.o)
 .bss           0x00000000        0x0 c:/program files (x86)/atmel/studio/7.0/toolchain/avr8/avr8-gnu-toolchain/bin/../lib/gcc/avr/4.9.2/avr5\libgcc.a(_udivdi3.o)
 .text.libgcc.mul
                0x00000000        0x0 c:/program files (x86)/atmel/studio/7.0/toolchain/avr8/avr8-gnu-toolchain/bin/../lib/gcc/avr/4.9.2/avr5\libgcc.a(_udivdi3.o)
 .text.libgcc   0x00000000        0x0 c:/program files (x86)/atmel/studio/7.0/toolchain/avr8/avr8-gnu-toolchain/bin/../lib/gcc/avr/4.9.2/avr5\libgcc.a(_udivdi3.o)
 .text.libgcc.prologue
                0x00000000        0x0 c:/program files (x86)/atmel/studio/7.0/toolchain/avr8/avr8-gnu-toolchain/bin/../lib/gcc/avr/4.9.2/avr5\libgcc.a(_udivdi3.o)
 .text.libgcc.builtins
                0x00000000        0x0 c:/program files (x86)/atmel/studio/7.0/toolchain/avr8/avr8-gnu-toolchain/bin/../lib/gcc/avr/4.9.2/avr5\libgcc.a(_udivdi3.o)
 .text.libgcc.fmul
                0x00000000        0x0 c:/program files (x86)/atmel/studio/7.0/toolchain/avr8/avr8-gnu-toolchain/bin/../lib/gcc/avr/4.9.2/avr5\libgcc.a(_udivdi3.o)
 .text.libgcc.fixed
                0x00000000        0x0 c:/program files (x86)/atmel/studio/7.0/toolchain/avr8/avr8-gnu-toolchain/bin/../lib/gcc/avr/4.9.2/avr5\libgcc.a(_udivdi3.o)
 .text          0x00000000        0x0 c:/program files (x86)/atmel/studio/7.0/toolchain/avr8/avr8-gnu-toolchain/bin/../lib/gcc/avr/4.9.2/avr5\libgcc.a(_udivmod64.o)
 .data          0x00000000        0x0 c:/program files (x86)/atmel/studio/7.0/toolchain/avr8/avr8-gnu-toolchain/bin/../lib/gcc/avr/4.9.2/avr5\libgcc.a(_udivmod64.o)
 .bss           0x00000000        0x0 c:/program files (x86)/atmel/studio/7.0/toolchain/avr8/avr8-gnu-toolchain/bin/../lib/gcc/avr/4.9.2/avr5\libgcc.a(_udivmod64.o)
 .text.libgcc.mul
                0x00000000        0x0 c:/program files (x86)/atmel/studio/7.0/toolchain/avr8/avr8-gnu-toolchain/bin/../lib/gcc/avr/4.9.2/avr5\libgcc.a(_udivmod64.o)
 .text.libgcc   0x00000000        0x0 c:/program files (x86)/atmel/studio/7.0/toolchain/avr8/avr8-gnu-toolchain/bin/../lib/gcc/avr/4.9.2/avr5\libgcc.a(_udivmod64.o)
 .text.libgcc.prologue
                0x00000000        0x0 c:/program files (x86)/atmel/studio/7.0/toolchain/avr8/avr8-gnu-toolchain/bin/../lib/gcc/avr/4.9.2/avr5\libgcc.a(_udivmod64.o)
 .text.libgcc.builtins
                0x00000000        0x0 c:/program files (x86)/atmel/studio/7.0/toolchain/avr8/avr8-gnu-toolchain/bin/../lib/gcc/avr/4.9.2/avr5\libgcc.a(_udivmod64.o)
 .text.libgcc.fmul
                0x00000000        0x0 c:/program files (x86)/atmel/studio/7.0/toolchain/avr8/avr8-gnu-toolchain/bin/../lib/gcc/avr/4.9.2/avr5\libgcc.a(_udivmod64.o)
 .text.libgcc.fixed
                0x00000000        0x0 c:/program files (x86)/atmel/studio/7.0/toolchain/avr8/avr8-gnu-toolchain/bin/../lib/gcc/avr/4.9.2/avr5\libgcc.a(_udivmod64.o)
 .text          0x00000000        0x0 c:/program files (x86)/atmel/studio/7.0/toolchain/avr8/avr8-gnu-toolchain/bin/../lib/gcc/avr/4.9.2/avr5\libgcc.a(_ashldi3.o)
 .data          0x00000000        0x0 c:/program files (x86)/atmel/studio/7.0/toolchain/avr8/avr8-gnu-toolchain/bin/../lib/gcc/avr/4.9.2/avr5\libgcc.a(_ashldi3.o)
 .bss           0x00000000        0x0 c:/program files (x86)/atmel/studio/7.0/toolchain/avr8/avr8-gnu-toolchain/bin/../lib/gcc/avr/4.9.2/avr5\libgcc.a(_ashldi3.o)
 .text.libgcc.mul
                0x00000000        0x0 c:/program files (x86)/atmel/studio/7.0/toolchain/avr8/avr8-gnu-toolchain/bin/../lib/gcc/avr/4.9.2/avr5\libgcc.a(_ashldi3.o)
 .text.libgcc.div
                0x00000000        0x0 c:/program files (x86)/atmel/studio/7.0/toolchain/avr8/avr8-gnu-toolchain/bin/../lib/gcc/avr/4.9.2/avr5\libgcc.a(_ashldi3.o)
 .text.libgcc   0x00000000        0x0 c:/program files (x86)/atmel/studio/7.0/toolchain/avr8/avr8-gnu-toolchain/bin/../lib/gcc/avr/4.9.2/avr5\libgcc.a(_ashldi3.o)
 .text.libgcc.prologue
                0x00000000        0x0 c:/program files (x86)/atmel/studio/7.0/toolchain/avr8/avr8-gnu-toolchain/bin/../lib/gcc/avr/4.9.2/avr5\libgcc.a(_ashldi3.o)
 .text.libgcc.fmul
                0x00000000        0x0 c:/program files (x86)/atmel/studio/7.0/toolchain/avr8/avr8-gnu-toolchain/bin/../lib/gcc/avr/4.9.2/avr5\libgcc.a(_ashldi3.o)
 .text.libgcc.fixed
                0x00000000        0x0 c:/program files (x86)/atmel/studio/7.0/toolchain/avr8/avr8-gnu-toolchain/bin/../lib/gcc/avr/4.9.2/avr5\libgcc.a(_ashldi3.o)
 .text          0x00000000        0x0 c:/program files (x86)/atmel/studio/7.0/toolchain/avr8/avr8-gnu-toolchain/bin/../lib/gcc/avr/4.9.2/avr5\libgcc.a(_ashrdi3.o)
 .data          0x00000000        0x0 c:/program files (x86)/atmel/studio/7.0/toolchain/avr8/avr8-gnu-toolchain/bin/../lib/gcc/avr/4.9.2/avr5\libgcc.a(_ashrdi3.o)
 .bss           0x00000000        0x0 c:/program files (x86)/atmel/studio/7.0/toolchain/avr8/avr8-gnu-toolchain/bin/../lib/gcc/avr/4.9.2/avr5\libgcc.a(_ashrdi3.o)
 .text.libgcc.mul
                0x00000000        0x0 c:/program files (x86)/atmel/studio/7.0/toolchain/avr8/avr8-gnu-toolchain/bin/../lib/gcc/avr/4.9.2/avr5\libgcc.a(_ashrdi3.o)
 .text.libgcc.div
                0x00000000        0x0 c:/program files (x86)/atmel/studio/7.0/toolchain/avr8/avr8-gnu-toolchain/bin/../lib/gcc/avr/4.9.2/avr5\libgcc.a(_ashrdi3.o)
 .text.libgcc   0x00000000        0x0 c:/program files (x86)/atmel/studio/7.0/toolchain/avr8/avr8-gnu-toolchain/bin/../lib/gcc/avr/4.9.2/avr5\libgcc.a(_ashrdi3.o)
 .text.libgcc.prologue
                0x00000000        0x0 c:/program files (x86)/atmel/studio/7.0/toolchain/avr8/avr8-gnu-toolchain/bin/../lib/gcc/avr/4.9.2/avr5\libgcc.a(_ashrdi3.o)
 .text.libgcc.fmul
                0x00000000        0x0 c:/program files (x86)/atmel/studio/7.0/toolchain/avr8/avr8-gnu-toolchain/bin/../lib/gcc/avr/4.9.2/avr5\libgcc.a(_ashrdi3.o)
 .text.libgcc.fixed
                0x00000000        0x0 c:/program files (x86)/atmel/studio/7.0/toolchain/avr8/avr8-gnu-toolchain/bin/../lib/gcc/avr/4.9.2/avr5\libgcc.a(_ashrdi3.o)
 .text          0x00000000        0x0 c:/program files (x86)/atmel/studio/7.0/toolchain/avr8/avr8-gnu-toolchain/bin/../lib/gcc/avr/4.9.2/avr5\libgcc.a(_adddi3_s8.o)
 .data          0x00000000        0x0 c:/program files (x86)/atmel/studio/7.0/toolchain/avr8/avr8-gnu-toolchain/bin/../lib/gcc/avr/4.9.2/avr5\libgcc.a(_adddi3_s8.o)
 .bss           0x00000000        0x0 c:/program files (x86)/atmel/studio/7.0/toolchain/avr8/avr8-gnu-toolchain/bin/../lib/gcc/avr/4.9.2/avr5\libgcc.a(_adddi3_s8.o)
 .text.libgcc.mul
                0x00000000        0x0 c:/program files (x86)/atmel/studio/7.0/toolchain/avr8/avr8-gnu-toolchain/bin/../lib/gcc/avr/4.9.2/avr5\libgcc.a(_adddi3_s8.o)
 .text.libgcc.div
                0x00000000        0x0 c:/program files (x86)/atmel/studio/7.0/toolchain/avr8/avr8-gnu-toolchain/bin/../lib/gcc/avr/4.9.2/avr5\libgcc.a(_adddi3_s8.o)
 .text.libgcc.prologue
                0x00000000        0x0 c:/program files (x86)/atmel/studio/7.0/toolchain/avr8/avr8-gnu-toolchain/bin/../lib/gcc/avr/4.9.2/avr5\libgcc.a(_adddi3_s8.o)
 .text.libgcc.builtins
                0x00000000        0x0 c:/program files (x86)/atmel/studio/7.0/toolchain/avr8/avr8-gnu-toolchain/bin/../lib/gcc/avr/4.9.2/avr5\libgcc.a(_adddi3_s8.o)
 .text.libgcc.fmul
                0x00000000        0x0 c:/program files (x86)/atmel/studio/7.0/toolchain/avr8/avr8-gnu-toolchain/bin/../lib/gcc/avr/4.9.2/avr5\libgcc.a(_adddi3_s8.o)
 .text.libgcc.fixed
                0x00000000        0x0 c:/program files (x86)/atmel/studio/7.0/toolchain/avr8/avr8-gnu-toolchain/bin/../lib/gcc/avr/4.9.2/avr5\libgcc.a(_adddi3_s8.o)
 .text          0x00000000        0x0 c:/program files (x86)/atmel/studio/7.0/toolchain/avr8/avr8-gnu-toolchain/bin/../lib/gcc/avr/4.9.2/avr5\libgcc.a(_cmpdi2.o)
 .data          0x00000000        0x0 c:/program files (x86)/atmel/studio/7.0/toolchain/avr8/avr8-gnu-toolchain/bin/../lib/gcc/avr/4.9.2/avr5\libgcc.a(_cmpdi2.o)
 .bss           0x00000000        0x0 c:/program files (x86)/atmel/studio/7.0/toolchain/avr8/avr8-gnu-toolchain/bin/../lib/gcc/avr/4.9.2/avr5\libgcc.a(_cmpdi2.o)
 .text.libgcc.mul
                0x00000000        0x0 c:/program files (x86)/atmel/studio/7.0/toolchain/avr8/avr8-gnu-toolchain/bin/../lib/gcc/avr/4.9.2/avr5\libgcc.a(_cmpdi2.o)
 .text.libgcc.div
                0x00000000        0x0 c:/program files (x86)/atmel/studio/7.0/toolchain/avr8/avr8-gnu-toolchain/bin/../lib/gcc/avr/4.9.2/avr5\libgcc.a(_cmpdi2.o)
 .text.libgcc.prologue
                0x00000000        0x0 c:/program files (x86)/atmel/studio/7.0/toolchain/avr8/avr8-gnu-toolchain/bin/../lib/gcc/avr/4.9.2/avr5\libgcc.a(_cmpdi2.o)
 .text.libgcc.builtins
                0x00000000        0x0 c:/program files (x86)/atmel/studio/7.0/toolchain/avr8/avr8-gnu-toolchain/bin/../lib/gcc/avr/4.9.2/avr5\libgcc.a(_cmpdi2.o)
 .text.libgcc.fmul
                0x00000000        0x0 c:/program files (x86)/atmel/studio/7.0/toolchain/avr8/avr8-gnu-toolchain/bin/../lib/gcc/avr/4.9.2/avr5\libgcc.a(_cmpdi2.o)
 .text.libgcc.fixed
                0x00000000        0x0 c:/program files (x86)/atmel/studio/7.0/toolchain/avr8/avr8-gnu-toolchain/bin/../lib/gcc/avr/4.9.2/avr5\libgcc.a(_cmpdi2.o)
 .text          0x00000000        0x0 c:/program files (x86)/atmel/studio/7.0/toolchain/avr8/avr8-gnu-toolchain/bin/../lib/gcc/avr/4.9.2/avr5\libgcc.a(_cmpdi2_s8.o)
 .data          0x00000000        0x0 c:/program files (x86)/atmel/studio/7.0/toolchain/avr8/avr8-gnu-toolchain/bin/../lib/gcc/avr/4.9.2/avr5\libgcc.a(_cmpdi2_s8.o)
 .bss           0x00000000        0x0 c:/program files (x86)/atmel/studio/7.0/toolchain/avr8/avr8-gnu-toolchain/bin/../lib/gcc/avr/4.9.2/avr5\libgcc.a(_cmpdi2_s8.o)
 .text.libgcc.mul
                0x00000000        0x0 c:/program files (x86)/atmel/studio/7.0/toolchain/avr8/avr8-gnu-toolchain/bin/../lib/gcc/avr/4.9.2/avr5\libgcc.a(_cmpdi2_s8.o)
 .text.libgcc.div
                0x00000000        0x0 c:/program files (x86)/atmel/studio/7.0/toolchain/avr8/avr8-gnu-toolchain/bin/../lib/gcc/avr/4.9.2/avr5\libgcc.a(_cmpdi2_s8.o)
 .text.libgcc.prologue
                0x00000000        0x0 c:/program files (x86)/atmel/studio/7.0/toolchain/avr8/avr8-gnu-toolchain/bin/../lib/gcc/avr/4.9.2/avr5\libgcc.a(_cmpdi2_s8.o)
 .text.libgcc.builtins
                0x00000000        0x0 c:/program files (x86)/atmel/studio/7.0/toolchain/avr8/avr8-gnu-toolchain/bin/../lib/gcc/avr/4.9.2/avr5\libgcc.a(_cmpdi2_s8.o)
 .text.libgcc.fmul
                0x00000000        0x0 c:/program files (x86)/atmel/studio/7.0/toolchain/avr8/avr8-gnu-toolchain/bin/../lib/gcc/avr/4.9.2/avr5\libgcc.a(_cmpdi2_s8.o)
 .text.libgcc.fixed
                0x00000000        0x0 c:/program files (x86)/atmel/studio/7.0/toolchain/avr8/avr8-gnu-toolchain/bin/../lib/gcc/avr/4.9.2/avr5\libgcc.a(_cmpdi2_s8.o)

Memory Configuration

Name             Origin             Length             Attributes
text             0x00000000         0x00020000         xr
data             0x00800060         0x0000ffa0         rw !x
eeprom           0x00810000         0x00010000         rw !x
fuse             0x00820000         0x00000003         rw !x
lock             0x00830000         0x00000400         rw !x
signature        0x00840000         0x00000400         rw !x
user_signatures  0x00850000         0x00000400         rw !x
*default*        0x00000000         0xffffffff

Linker script and memory map

Address of section .data set to 0x800100
LOAD C:/Program Files (x86)/Atmel/Studio/7.0/Packs/atmel/ATmega_DFP/1.1.130/gcc/dev/atmega328p/avr5/crtatmega328p.o
LOAD ATmega328P.o
LOAD Essential.o
LOAD NRF24L01.o
LOAD Switch.o
LOAD Timer.o
LOAD main.o
START GROUP
LOAD c:/program files (x86)/atmel/studio/7.0/toolchain/avr8/avr8-gnu-toolchain/bin/../lib/gcc/avr/4.9.2/../../../../avr/lib/avr5\libm.a
END GROUP
LOAD c:/program files (x86)/atmel/studio/7.0/toolchain/avr8/avr8-gnu-toolchain/bin/../lib/gcc/avr/4.9.2/avr5\libgcc.a
LOAD c:/program files (x86)/atmel/studio/7.0/toolchain/avr8/avr8-gnu-toolchain/bin/../lib/gcc/avr/4.9.2/../../../../avr/lib/avr5\libm.a
START GROUP
LOAD c:/program files (x86)/atmel/studio/7.0/toolchain/avr8/avr8-gnu-toolchain/bin/../lib/gcc/avr/4.9.2/avr5\libgcc.a
LOAD c:/program files (x86)/atmel/studio/7.0/toolchain/avr8/avr8-gnu-toolchain/bin/../lib/gcc/avr/4.9.2/../../../../avr/lib/avr5\libm.a
LOAD c:/program files (x86)/atmel/studio/7.0/toolchain/avr8/avr8-gnu-toolchain/bin/../lib/gcc/avr/4.9.2/../../../../avr/lib/avr5\libc.a
LOAD C:/Program Files (x86)/Atmel/Studio/7.0/Packs/atmel/ATmega_DFP/1.1.130/gcc/dev/atmega328p/avr5\libatmega328p.a
END GROUP
                0x00020000                __TEXT_REGION_LENGTH__ = DEFINED (__TEXT_REGION_LENGTH__)?__TEXT_REGION_LENGTH__:0x20000
                0x0000ffa0                __DATA_REGION_LENGTH__ = DEFINED (__DATA_REGION_LENGTH__)?__DATA_REGION_LENGTH__:0xffa0
                0x00010000                __EEPROM_REGION_LENGTH__ = DEFINED (__EEPROM_REGION_LENGTH__)?__EEPROM_REGION_LENGTH__:0x10000
                [0x00000003]                __FUSE_REGION_LENGTH__ = DEFINED (__FUSE_REGION_LENGTH__)?__FUSE_REGION_LENGTH__:0x400
                0x00000400                __LOCK_REGION_LENGTH__ = DEFINED (__LOCK_REGION_LENGTH__)?__LOCK_REGION_LENGTH__:0x400
                0x00000400                __SIGNATURE_REGION_LENGTH__ = DEFINED (__SIGNATURE_REGION_LENGTH__)?__SIGNATURE_REGION_LENGTH__:0x400
                0x00000400                __USER_SIGNATURE_REGION_LENGTH__ = DEFINED (__USER_SIGNATURE_REGION_LENGTH__)?__USER_SIGNATURE_REGION_LENGTH__:0x400

.hash
 *(.hash)

.dynsym
 *(.dynsym)

.dynstr
 *(.dynstr)

.gnu.version
 *(.gnu.version)

.gnu.version_d
 *(.gnu.version_d)

.gnu.version_r
 *(.gnu.version_r)

.rel.init
 *(.rel.init)

.rela.init
 *(.rela.init)

.rel.text
 *(.rel.text)
 *(.rel.text.*)
 *(.rel.gnu.linkonce.t*)

.rela.text
 *(.rela.text)
 *(.rela.text.*)
 *(.rela.gnu.linkonce.t*)

.rel.fini
 *(.rel.fini)

.rela.fini
 *(.rela.fini)

.rel.rodata
 *(.rel.rodata)
 *(.rel.rodata.*)
 *(.rel.gnu.linkonce.r*)

.rela.rodata
 *(.rela.rodata)
 *(.rela.rodata.*)
 *(.rela.gnu.linkonce.r*)

.rel.data
 *(.rel.data)
 *(.rel.data.*)
 *(.rel.gnu.linkonce.d*)

.rela.data
 *(.rela.data)
 *(.rela.data.*)
 *(.rela.gnu.linkonce.d*)

.rel.ctors
 *(.rel.ctors)

.rela.ctors
 *(.rela.ctors)

.rel.dtors
 *(.rel.dtors)

.rela.dtors
 *(.rela.dtors)

.rel.got
 *(.rel.got)

.rela.got
 *(.rela.got)

.rel.bss
 *(.rel.bss)

.rela.bss
 *(.rela.bss)

.rel.plt
 *(.rel.plt)

.rela.plt
 *(.rela.plt)

.text           0x00000000     0x1778
 *(.vectors)
 .vectors       0x00000000       0x68 C:/Program Files (x86)/Atmel/Studio/7.0/Packs/atmel/ATmega_DFP/1.1.130/gcc/dev/atmega328p/avr5/crtatmega328p.o
                0x00000000                __vector_default
                0x00000000                __vectors
 *(.vectors)
 *(.progmem.gcc*)
                0x00000068                . = ALIGN (0x2)
                0x00000068                __trampolines_start = .
 *(.trampolines)
 .trampolines   0x00000068        0x0 linker stubs
 *(.trampolines*)
                0x00000068                __trampolines_end = .
 *libprintf_flt.a:*(.progmem.data)
 *libc.a:*(.progmem.data)
 *(.progmem*)
 .progmem.data._ZZN8NRF24L017setModeEbE3__c_2
                0x00000068       0x19 NRF24L01.o
 .progmem.data._ZZN8NRF24L017setModeEbE3__c_1
                0x00000081       0x36 NRF24L01.o
 .progmem.data._ZZN8NRF24L017setModeEbE3__c_0
                0x000000b7       0x26 NRF24L01.o
 .progmem.data._ZZN8NRF24L017setModeEbE3__c
                0x000000dd       0x25 NRF24L01.o
 .progmem.data._ZZN8NRF24L0110initializeEvE3__c_0
                0x00000102       0x23 NRF24L01.o
 .progmem.data._ZZN8NRF24L0110initializeEvE3__c
                0x00000125       0x23 NRF24L01.o
 .progmem.data._ZZ4mainE3__c_0
                0x00000148        0x5 main.o
 .progmem.data._ZZ4mainE3__c
                0x0000014d        0xf main.o
                0x0000015c                . = ALIGN (0x2)
 *(.jumptables)
 *(.jumptables*)
 *(.lowtext)
 *(.lowtext*)
                0x0000015c                __ctors_start = .
 *(.ctors)
                0x0000015c                __ctors_end = .
                0x0000015c                __dtors_start = .
 *(.dtors)
                0x0000015c                __dtors_end = .
 SORT(*)(.ctors)
 SORT(*)(.dtors)
 *(.init0)
 .init0         0x0000015c        0x0 C:/Program Files (x86)/Atmel/Studio/7.0/Packs/atmel/ATmega_DFP/1.1.130/gcc/dev/atmega328p/avr5/crtatmega328p.o
                0x0000015c                __init
 *(.init0)
 *(.init1)
 *(.init1)
 *(.init2)
 .init2         0x0000015c        0xc C:/Program Files (x86)/Atmel/Studio/7.0/Packs/atmel/ATmega_DFP/1.1.130/gcc/dev/atmega328p/avr5/crtatmega328p.o
 *(.init2)
 *(.init3)
 *(.init3)
 *(.init4)
 .init4         0x00000168       0x16 c:/program files (x86)/atmel/studio/7.0/toolchain/avr8/avr8-gnu-toolchain/bin/../lib/gcc/avr/4.9.2/avr5\libgcc.a(_copy_data.o)
                0x00000168                __do_copy_data
 .init4         0x0000017e       0x10 c:/program files (x86)/atmel/studio/7.0/toolchain/avr8/avr8-gnu-toolchain/bin/../lib/gcc/avr/4.9.2/avr5\libgcc.a(_clear_bss.o)
                0x0000017e                __do_clear_bss
 *(.init4)
 *(.init5)
 *(.init5)
 *(.init6)
 *(.init6)
 *(.init7)
 *(.init7)
 *(.init8)
 *(.init8)
 *(.init9)
 .init9         0x0000018e        0x8 C:/Program Files (x86)/Atmel/Studio/7.0/Packs/atmel/ATmega_DFP/1.1.130/gcc/dev/atmega328p/avr5/crtatmega328p.o
 *(.init9)
 *(.text)
 .text          0x00000196        0x4 C:/Program Files (x86)/Atmel/Studio/7.0/Packs/atmel/ATmega_DFP/1.1.130/gcc/dev/atmega328p/avr5/crtatmega328p.o
                0x00000196                __vector_22
                0x00000196                __vector_24
                0x00000196                __vector_12
                0x00000196                __bad_interrupt
                0x00000196                __vector_23
                0x00000196                __vector_25
                0x00000196                __vector_13
                0x00000196                __vector_19
                0x00000196                __vector_7
                0x00000196                __vector_9
                0x00000196                __vector_21
                0x00000196                __vector_15
                0x00000196                __vector_8
                0x00000196                __vector_14
                0x00000196                __vector_10
                0x00000196                __vector_16
                0x00000196                __vector_18
                0x00000196                __vector_20
                0x0000019a                . = ALIGN (0x2)
 *(.text.*)
 .text._Z6wakeUpv
                0x0000019a        0x6 ATmega328P.o
                0x0000019a                _Z6wakeUpv
 .text._Z10allowSleepb
                0x000001a0        0x6 ATmega328P.o
                0x000001a0                _Z10allowSleepb
 .text._Z14SPI_MasterInitv
                0x000001a6       0x12 ATmega328P.o
                0x000001a6                _Z14SPI_MasterInitv
 .text._Z12initSPISlavev
                0x000001b8       0x16 ATmega328P.o
                0x000001b8                _Z12initSPISlavev
 .text._Z18enableSPIInterruptb
                0x000001ce       0x14 ATmega328P.o
                0x000001ce                _Z18enableSPIInterruptb
 .text._Z18SPI_MasterTransmitc
                0x000001e2        0xc ATmega328P.o
                0x000001e2                _Z18SPI_MasterTransmitc
 .text._Z11Init_CTC_T1hj
                0x000001ee       0x1e ATmega328P.o
                0x000001ee                _Z11Init_CTC_T1hj
 .text._Z11setPinStatehhb
                0x0000020c       0xa2 ATmega328P.o
                0x0000020c                _Z11setPinStatehhb
 .text._Z15setPinDirectionhhb
                0x000002ae       0xa2 ATmega328P.o
                0x000002ae                _Z15setPinDirectionhhb
 .text._Z11getPinStatehh
                0x00000350       0x46 ATmega328P.o
                0x00000350                _Z11getPinStatehh
 .text._Z10USART_Initj
                0x00000396       0x16 ATmega328P.o
                0x00000396                _Z10USART_Initj
 .text._Z14USART_Transmith
                0x000003ac       0x10 ATmega328P.o
                0x000003ac                _Z14USART_Transmith
 .text._Z6millisv
                0x000003bc       0x22 ATmega328P.o
                0x000003bc                _Z6millisv
 .text._Z13milliHappenedv
                0x000003de       0x66 ATmega328P.o
                0x000003de                _Z13milliHappenedv
 .text.__vector_6
                0x00000444       0x1e ATmega328P.o
                0x00000444                __vector_6
 .text._Z10numToArrayy
                0x00000462       0x20 Essential.o
                0x00000462                _Z10numToArrayy
 .text._Z10hexToASCIIh
                0x00000482        0xc Essential.o
                0x00000482                _Z10hexToASCIIh
 .text._Z11hexToStringh
                0x0000048e       0x30 Essential.o
                0x0000048e                _Z11hexToStringh
 .text._Z11printNumbery
                0x000004be      0x138 Essential.o
                0x000004be                _Z11printNumbery
 .text._Z6NotifyPKc
                0x000005f6       0x32 Essential.o
                0x000005f6                _Z6NotifyPKc
 .text._Z15printStringCRNLPKc
                0x00000628       0x2a Essential.o
                0x00000628                _Z15printStringCRNLPKc
 .text._Z11printStringPKc
                0x00000652       0x1e Essential.o
                0x00000652                _Z11printStringPKc
 .text._Z16hexArrayToStringPhh
                0x00000670       0x62 Essential.o
                0x00000670                _Z16hexArrayToStringPhh
 .text._Z14printHexNumberyh
                0x000006d2       0x14 Essential.o
                0x000006d2                _Z14printHexNumberyh
 .text._ZN8NRF24L0114toggleActivateEv
                0x000006e6       0x12 NRF24L01.o
                0x000006e6                _ZN8NRF24L0114toggleActivateEv
 .text._ZN8NRF24L0114sendSPICommandEh
                0x000006f8        0xc NRF24L01.o
                0x000006f8                _ZN8NRF24L0114sendSPICommandEh
 .text._ZN8NRF24L0115readSPIRegisterEhh
                0x00000704       0xa8 NRF24L01.o
                0x00000704                _ZN8NRF24L0115readSPIRegisterEhh
 .text._ZN8NRF24L019printInfoEv
                0x000007ac       0x9e NRF24L01.o
                0x000007ac                _ZN8NRF24L019printInfoEv
 .text._ZN8NRF24L0116writeSPIRegisterEhyh
                0x0000084a       0x7e NRF24L01.o
                0x0000084a                _ZN8NRF24L0116writeSPIRegisterEhyh
 .text._ZN8NRF24L017powerONEb
                0x000008c8       0x4c NRF24L01.o
                0x000008c8                _ZN8NRF24L017powerONEb
 .text._ZN8NRF24L017setModeEb
                0x00000914       0xa0 NRF24L01.o
                0x00000914                _ZN8NRF24L017setModeEb
 .text._ZN8NRF24L0120enableACKWithPayloadEb
                0x000009b4       0x4c NRF24L01.o
                0x000009b4                _ZN8NRF24L0120enableACKWithPayloadEb
 .text._ZN8NRF24L0126enableDynamicPayloadLengthEb
                0x00000a00       0x4e NRF24L01.o
                0x00000a00                _ZN8NRF24L0126enableDynamicPayloadLengthEb
 .text._ZN8NRF24L0118enableDPLForRXPipeEhb
                0x00000a4e       0x7c NRF24L01.o
                0x00000a4e                _ZN8NRF24L0118enableDPLForRXPipeEhb
 .text._ZN8NRF24L0113setRFDataRateEb
                0x00000aca       0x50 NRF24L01.o
                0x00000aca                _ZN8NRF24L0113setRFDataRateEb
 .text._ZN8NRF24L0118setTransmitAddressEy
                0x00000b1a       0x34 NRF24L01.o
                0x00000b1a                _ZN8NRF24L0118setTransmitAddressEy
 .text._ZN8NRF24L0118setReceive0AddressEy
                0x00000b4e       0x34 NRF24L01.o
                0x00000b4e                _ZN8NRF24L0118setReceive0AddressEy
 .text._ZN8NRF24L0110initializeEv
                0x00000b82       0xea NRF24L01.o
                0x00000b82                _ZN8NRF24L0110initializeEv
 .text._ZN8NRF24L01C2Ehhb
                0x00000c6c       0x24 NRF24L01.o
                0x00000c6c                _ZN8NRF24L01C2Ehhb
                0x00000c6c                _ZN8NRF24L01C1Ehhb
 .text._ZN11SwitchClass9doNothingEh
                0x00000c90        0x2 Switch.o
                0x00000c90                _ZN11SwitchClass9doNothingEh
 .text._ZN11SwitchClass5beginEv
                0x00000c92       0x12 Switch.o
                0x00000c92                _ZN11SwitchClass5beginEv
 .text._ZN11SwitchClass20callOnPinStateChangeEPFvhE
                0x00000ca4        0xa Switch.o
                0x00000ca4                _ZN11SwitchClass20callOnPinStateChangeEPFvhE
 .text._ZN11SwitchClass18doubleWaitCompleteEv
                0x00000cae       0x5a Switch.o
                0x00000cae                _ZN11SwitchClass18doubleWaitCompleteEv
 .text._ZN11SwitchClass17callAllDoubleWaitEh
                0x00000d08       0x42 Switch.o
                0x00000d08                _ZN11SwitchClass17callAllDoubleWaitEh
 .text._ZN11SwitchClass16updatePinBuffersEv
                0x00000d4a       0x12 Switch.o
                0x00000d4a                _ZN11SwitchClass16updatePinBuffersEv
 .text._ZN11SwitchClass10pollSwitchEv
                0x00000d5c       0x48 Switch.o
                0x00000d5c                _ZN11SwitchClass10pollSwitchEv
 .text._ZN11SwitchClass18processStateChangeEv
                0x00000da4      0x126 Switch.o
                0x00000da4                _ZN11SwitchClass18processStateChangeEv
 .text._ZN11SwitchClass25callAllProcessStateChangeEv
                0x00000eca       0x32 Switch.o
                0x00000eca                _ZN11SwitchClass25callAllProcessStateChangeEv
 .text._ZN11SwitchClass16longWaitCompleteEv
                0x00000efc       0xe8 Switch.o
                0x00000efc                _ZN11SwitchClass16longWaitCompleteEv
 .text._ZN11SwitchClass20callAllOjectLongWaitEh
                0x00000fe4       0x42 Switch.o
                0x00000fe4                _ZN11SwitchClass20callAllOjectLongWaitEh
 .text.__vector_1
                0x00001026       0x62 Switch.o
                0x00001026                __vector_1
 .text.__vector_2
                0x00001088       0x52 Switch.o
                0x00001088                __vector_2
 .text.__vector_3
                0x000010da       0x6e Switch.o
                0x000010da                __vector_3
 .text.__vector_4
                0x00001148       0x6e Switch.o
                0x00001148                __vector_4
 .text.__vector_5
                0x000011b6       0x6e Switch.o
                0x000011b6                __vector_5
 .text._ZN10TimerClass5beginEv
                0x00001224       0x10 Timer.o
                0x00001224                _ZN10TimerClass5beginEv
 .text._ZN10TimerClass15initializeTimerEv
                0x00001234       0x22 Timer.o
                0x00001234                _ZN10TimerClass15initializeTimerEv
 .text._ZN10TimerClass15setCallBackTimeEjhPFvhE
                0x00001256       0x1c Timer.o
                0x00001256                _ZN10TimerClass15setCallBackTimeEjhPFvhE
 .text._ZN10TimerClass18resetCallbackTimerEv
                0x00001272        0xa Timer.o
                0x00001272                _ZN10TimerClass18resetCallbackTimerEv
 .text._ZN10TimerClass15getCallBackTimeEv
                0x0000127c       0x10 Timer.o
                0x0000127c                _ZN10TimerClass15getCallBackTimeEv
 .text._ZN10TimerClass7setTimeEj
                0x0000128c       0x16 Timer.o
                0x0000128c                _ZN10TimerClass7setTimeEj
 .text._ZN10TimerClass7getTimeEv
                0x000012a2       0x10 Timer.o
                0x000012a2                _ZN10TimerClass7getTimeEv
 .text._ZN10TimerClass10resetTimerEv
                0x000012b2        0xa Timer.o
                0x000012b2                _ZN10TimerClass10resetTimerEv
 .text._ZN10TimerClass11milliPassedEv
                0x000012bc       0x64 Timer.o
                0x000012bc                _ZN10TimerClass11milliPassedEv
 .text._ZN10TimerClass19callAllTimerObjectsEv
                0x00001320       0x32 Timer.o
                0x00001320                _ZN10TimerClass19callAllTimerObjectsEv
 .text.__vector_11
                0x00001352       0x92 Timer.o
                0x00001352                __vector_11
 .text._Z14printSomethingh
                0x000013e4        0x8 main.o
                0x000013e4                _Z14printSomethingh
 .text._Z15portStateChangeh
                0x000013ec       0x26 main.o
                0x000013ec                _Z15portStateChangeh
 .text._Z8runSetupv
                0x00001412       0x86 main.o
                0x00001412                _Z8runSetupv
 .text.main     0x00001498      0x14a main.o
                0x00001498                main
 .text.__vector_17
                0x000015e2       0x24 main.o
                0x000015e2                __vector_17
 .text.libgcc.div
                0x00001606       0x1c c:/program files (x86)/atmel/studio/7.0/toolchain/avr8/avr8-gnu-toolchain/bin/../lib/gcc/avr/4.9.2/avr5\libgcc.a(_udivdi3.o)
                0x00001606                __umoddi3
                0x0000160a                __udivdi3
                0x0000160c                __udivdi3_umoddi3
 .text.libgcc.div
                0x00001622       0xa2 c:/program files (x86)/atmel/studio/7.0/toolchain/avr8/avr8-gnu-toolchain/bin/../lib/gcc/avr/4.9.2/avr5\libgcc.a(_udivmod64.o)
                0x00001622                __udivmod64
 .text.libgcc.builtins
                0x000016c4       0x32 c:/program files (x86)/atmel/studio/7.0/toolchain/avr8/avr8-gnu-toolchain/bin/../lib/gcc/avr/4.9.2/avr5\libgcc.a(_ashldi3.o)
                0x000016c4                __ashldi3
 .text.libgcc.builtins
                0x000016f6       0x3c c:/program files (x86)/atmel/studio/7.0/toolchain/avr8/avr8-gnu-toolchain/bin/../lib/gcc/avr/4.9.2/avr5\libgcc.a(_ashrdi3.o)
                0x000016f6                __ashrdi3
                0x000016fa                __lshrdi3
 .text.libgcc   0x00001732       0x18 c:/program files (x86)/atmel/studio/7.0/toolchain/avr8/avr8-gnu-toolchain/bin/../lib/gcc/avr/4.9.2/avr5\libgcc.a(_adddi3_s8.o)
                0x00001732                __adddi3_s8
 .text.libgcc   0x0000174a       0x12 c:/program files (x86)/atmel/studio/7.0/toolchain/avr8/avr8-gnu-toolchain/bin/../lib/gcc/avr/4.9.2/avr5\libgcc.a(_cmpdi2.o)
                0x0000174a                __cmpdi2
 .text.libgcc   0x0000175c       0x18 c:/program files (x86)/atmel/studio/7.0/toolchain/avr8/avr8-gnu-toolchain/bin/../lib/gcc/avr/4.9.2/avr5\libgcc.a(_cmpdi2_s8.o)
                0x0000175c                __cmpdi2_s8
                0x00001774                . = ALIGN (0x2)
 *(.fini9)
 .fini9         0x00001774        0x0 c:/program files (x86)/atmel/studio/7.0/toolchain/avr8/avr8-gnu-toolchain/bin/../lib/gcc/avr/4.9.2/avr5\libgcc.a(_exit.o)
                0x00001774                _exit
                0x00001774                exit
 *(.fini9)
 *(.fini8)
 *(.fini8)
 *(.fini7)
 *(.fini7)
 *(.fini6)
 *(.fini6)
 *(.fini5)
 *(.fini5)
 *(.fini4)
 *(.fini4)
 *(.fini3)
 *(.fini3)
 *(.fini2)
 *(.fini2)
 *(.fini1)
 *(.fini1)
 *(.fini0)
 .fini0         0x00001774        0x4 c:/program files (x86)/atmel/studio/7.0/toolchain/avr8/avr8-gnu-toolchain/bin/../lib/gcc/avr/4.9.2/avr5\libgcc.a(_exit.o)
 *(.fini0)
                0x00001778                _etext = .

.data           0x00800100       0x84 load address 0x00001778
                0x00800100                PROVIDE (__data_start, .)
 *(.data)
 *(.data*)
 *(.rodata)
 *(.rodata*)
 .rodata.str1.1
                0x00800100       0x5d NRF24L01.o
                                 0x67 (size before relaxing)
 .rodata.str1.1
                0x0080015d       0x27 main.o
 *(.gnu.linkonce.d*)
                0x00800184                . = ALIGN (0x2)
                0x00800184                _edata = .
                0x00800184                PROVIDE (__data_end, .)

.bss            0x00800184       0xc3
                0x00800184                PROVIDE (__bss_start, .)
 *(.bss)
 *(.bss*)
 .bss.AllowSleep
                0x00800184        0x1 ATmega328P.o
                0x00800184                AllowSleep
 .bss.cdown     0x00800185        0x2 ATmega328P.o
                0x00800185                cdown
 .bss.time      0x00800187        0x8 ATmega328P.o
                0x00800187                time
 .bss._ZZ16hexArrayToStringPhhE3str
                0x0080018f       0x40 Essential.o
 .bss._ZZ16hexArrayToStringPhhE1t
                0x008001cf        0x1 Essential.o
 .bss._ZZ10numToArrayyE5array
                0x008001d0        0x8 Essential.o
 .bss._ZZ11hexToStringhE5ascii
                0x008001d8        0x5 Essential.o
 .bss._ZZ11hexToStringhE4temp
                0x008001dd        0x1 Essential.o
 .bss._ZN11SwitchClass17PinStateChangePtrE
                0x008001de        0x2 Switch.o
                0x008001de                _ZN11SwitchClass17PinStateChangePtrE
 .bss._ZN11SwitchClass16AllShortPressPtrE
                0x008001e0        0x2 Switch.o
                0x008001e0                _ZN11SwitchClass16AllShortPressPtrE
 .bss._ZN11SwitchClass25AllContinuousLongPressPtrE
                0x008001e2        0x2 Switch.o
                0x008001e2                _ZN11SwitchClass25AllContinuousLongPressPtrE
 .bss._ZN11SwitchClass15AllLongPressPtrE
                0x008001e4        0x2 Switch.o
                0x008001e4                _ZN11SwitchClass15AllLongPressPtrE
 .bss._ZN11SwitchClass17AllDoublePressPtrE
                0x008001e6        0x2 Switch.o
                0x008001e6                _ZN11SwitchClass17AllDoublePressPtrE
 .bss._ZN11SwitchClass20AllContinuousLong_ENE
                0x008001e8        0x1 Switch.o
                0x008001e8                _ZN11SwitchClass20AllContinuousLong_ENE
 .bss._ZN11SwitchClass10AllLong_ENE
                0x008001e9        0x1 Switch.o
                0x008001e9                _ZN11SwitchClass10AllLong_ENE
 .bss._ZN11SwitchClass11AllShort_ENE
                0x008001ea        0x1 Switch.o
                0x008001ea                _ZN11SwitchClass11AllShort_ENE
 .bss._ZN11SwitchClass13AllSamePtr_ENE
                0x008001eb        0x1 Switch.o
                0x008001eb                _ZN11SwitchClass13AllSamePtr_ENE
 .bss._ZN11SwitchClass9PinBufferE
                0x008001ec        0x3 Switch.o
                0x008001ec                _ZN11SwitchClass9PinBufferE
 .bss._ZN11SwitchClass11SwitchStateE
                0x008001ef        0x1 Switch.o
                0x008001ef                _ZN11SwitchClass11SwitchStateE
 .bss._ZN11SwitchClass1iE
                0x008001f0        0x1 Switch.o
                0x008001f0                _ZN11SwitchClass1iE
 .bss._ZN11SwitchClass4SptrE
                0x008001f1        0xc Switch.o
                0x008001f1                _ZN11SwitchClass4SptrE
 .bss._ZN10TimerClass1iE
                0x008001fd        0x1 Timer.o
                0x008001fd                _ZN10TimerClass1iE
 .bss._ZN10TimerClass4TimeE
                0x008001fe        0x8 Timer.o
                0x008001fe                _ZN10TimerClass4TimeE
 .bss._ZN10TimerClass6TimersE
                0x00800206       0x3c Timer.o
                0x00800206                _ZN10TimerClass6TimersE
 .bss.State     0x00800242        0x1 main.o
                0x00800242                State
 .bss.Socket    0x00800243        0x1 main.o
                0x00800243                Socket
 .bss.Timer1_Flag
                0x00800244        0x1 main.o
                0x00800244                Timer1_Flag
 .bss.newSPIData
                0x00800245        0x1 main.o
                0x00800245                newSPIData
 .bss.SPIdata   0x00800246        0x1 main.o
                0x00800246                SPIdata
 *(COMMON)
                0x00800247                PROVIDE (__bss_end, .)
                0x00001778                __data_load_start = LOADADDR (.data)
                0x000017fc                __data_load_end = (__data_load_start + SIZEOF (.data))

.noinit         0x00800247        0x0
                [!provide]                PROVIDE (__noinit_start, .)
 *(.noinit*)
                [!provide]                PROVIDE (__noinit_end, .)
                0x00800247                _end = .
                [!provide]                PROVIDE (__heap_start, .)

.eeprom         0x00810000        0x0
 *(.eeprom*)
                0x00810000                __eeprom_end = .

.fuse
 *(.fuse)
 *(.lfuse)
 *(.hfuse)
 *(.efuse)

.lock
 *(.lock*)

.signature
 *(.signature*)

.user_signatures
 *(.user_signatures*)

.stab
 *(.stab)

.stabstr
 *(.stabstr)

.stab.excl
 *(.stab.excl)

.stab.exclstr
 *(.stab.exclstr)

.stab.index
 *(.stab.index)

.stab.indexstr
 *(.stab.indexstr)

.comment        0x00000000       0x30
 *(.comment)
 .comment       0x00000000       0x30 ATmega328P.o
                                 0x31 (size before relaxing)
 .comment       0x00000030       0x31 Essential.o
 .comment       0x00000030       0x31 NRF24L01.o
 .comment       0x00000030       0x31 Switch.o
 .comment       0x00000030       0x31 Timer.o
 .comment       0x00000030       0x31 main.o

.note.gnu.avr.deviceinfo
                0x00000000       0x40
 .note.gnu.avr.deviceinfo
                0x00000000       0x40 C:/Program Files (x86)/Atmel/Studio/7.0/Packs/atmel/ATmega_DFP/1.1.130/gcc/dev/atmega328p/avr5/crtatmega328p.o

.note.gnu.build-id
 *(.note.gnu.build-id)

.debug
 *(.debug)

.line
 *(.line)

.debug_srcinfo
 *(.debug_srcinfo)

.debug_sfnames
 *(.debug_sfnames)

.debug_aranges  0x00000000      0x558
 *(.debug_aranges)
 .debug_aranges
                0x00000000      0x1f8 ATmega328P.o
 .debug_aranges
                0x000001f8       0x98 Essential.o
 .debug_aranges
                0x00000290      0x110 NRF24L01.o
 .debug_aranges
                0x000003a0       0xf8 Switch.o
 .debug_aranges
                0x00000498       0x80 Timer.o
 .debug_aranges
                0x00000518       0x40 main.o

.debug_pubnames
 *(.debug_pubnames)

.debug_info     0x00000000     0x655e
 *(.debug_info .gnu.linkonce.wi.*)
 .debug_info    0x00000000      0x5f4 C:/Program Files (x86)/Atmel/Studio/7.0/Packs/atmel/ATmega_DFP/1.1.130/gcc/dev/atmega328p/avr5/crtatmega328p.o
 .debug_info    0x000005f4      0xea6 ATmega328P.o
 .debug_info    0x0000149a      0x941 Essential.o
 .debug_info    0x00001ddb     0x1af3 NRF24L01.o
 .debug_info    0x000038ce     0x1330 Switch.o
 .debug_info    0x00004bfe      0x5d2 Timer.o
 .debug_info    0x000051d0     0x138e main.o

.debug_abbrev   0x00000000     0x168c
 *(.debug_abbrev)
 .debug_abbrev  0x00000000      0x5a2 C:/Program Files (x86)/Atmel/Studio/7.0/Packs/atmel/ATmega_DFP/1.1.130/gcc/dev/atmega328p/avr5/crtatmega328p.o
 .debug_abbrev  0x000005a2      0x33d ATmega328P.o
 .debug_abbrev  0x000008df      0x207 Essential.o
 .debug_abbrev  0x00000ae6      0x32a NRF24L01.o
 .debug_abbrev  0x00000e10      0x32b Switch.o
 .debug_abbrev  0x0000113b      0x252 Timer.o
 .debug_abbrev  0x0000138d      0x2ff main.o

.debug_line     0x00000000     0x2be7
 *(.debug_line .debug_line.* .debug_line_end)
 .debug_line    0x00000000      0x133 C:/Program Files (x86)/Atmel/Studio/7.0/Packs/atmel/ATmega_DFP/1.1.130/gcc/dev/atmega328p/avr5/crtatmega328p.o
 .debug_line    0x00000133      0xeb8 ATmega328P.o
 .debug_line    0x00000feb      0x48d Essential.o
 .debug_line    0x00001478      0x95a NRF24L01.o
 .debug_line    0x00001dd2      0x7d4 Switch.o
 .debug_line    0x000025a6      0x303 Timer.o
 .debug_line    0x000028a9      0x33e main.o

.debug_frame    0x00000000     0x1170
 *(.debug_frame)
 .debug_frame   0x00000000      0x418 ATmega328P.o
 .debug_frame   0x00000418      0x2d4 Essential.o
 .debug_frame   0x000006ec      0x518 NRF24L01.o
 .debug_frame   0x00000c04      0x3a0 Switch.o
 .debug_frame   0x00000fa4      0x140 Timer.o
 .debug_frame   0x000010e4       0x8c main.o

.debug_str      0x00000000     0x2278
 *(.debug_str)
 .debug_str     0x00000000      0x208 C:/Program Files (x86)/Atmel/Studio/7.0/Packs/atmel/ATmega_DFP/1.1.130/gcc/dev/atmega328p/avr5/crtatmega328p.o
 .debug_str     0x00000208      0xa31 ATmega328P.o
                                0xa75 (size before relaxing)
 .debug_str     0x00000c39      0x271 Essential.o
                                0x48c (size before relaxing)
 .debug_str     0x00000eaa      0x6a4 NRF24L01.o
                                0x9c1 (size before relaxing)
 .debug_str     0x0000154e      0xbf9 Switch.o
                                0xf1d (size before relaxing)
 .debug_str     0x00002147       0x7a Timer.o
                                0x53f (size before relaxing)
 .debug_str     0x000021c1       0xb7 main.o
                               0x13fe (size before relaxing)

.debug_loc      0x00000000     0x3b9d
 *(.debug_loc)
 .debug_loc     0x00000000      0xb9d ATmega328P.o
 .debug_loc     0x00000b9d      0xe31 Essential.o
 .debug_loc     0x000019ce     0x15fd NRF24L01.o
 .debug_loc     0x00002fcb      0x7f8 Switch.o
 .debug_loc     0x000037c3      0x2e8 Timer.o
 .debug_loc     0x00003aab       0xf2 main.o

.debug_macinfo
 *(.debug_macinfo)

.debug_weaknames
 *(.debug_weaknames)

.debug_funcnames
 *(.debug_funcnames)

.debug_typenames
 *(.debug_typenames)

.debug_varnames
 *(.debug_varnames)

.debug_pubtypes
 *(.debug_pubtypes)

.debug_ranges   0x00000000      0x510
 *(.debug_ranges)
 .debug_ranges  0x00000000      0x1e8 ATmega328P.o
 .debug_ranges  0x000001e8       0xa0 Essential.o
 .debug_ranges  0x00000288      0x100 NRF24L01.o
 .debug_ranges  0x00000388       0xe8 Switch.o
 .debug_ranges  0x00000470       0x70 Timer.o
 .debug_ranges  0x000004e0       0x30 main.o

.debug_macro
 *(.debug_macro)
OUTPUT(ATmega328P_inConard_Sensor.elf elf32-avr)
LOAD linker stubs
